Archive member included to satisfy reference by file (symbol)

C:/Program Files/SEGGER/SEGGER Embedded Studio for ARM 7.12/lib/libc_v7em_fpv4_sp_d16_hard_t_le_eabi_balanced.a(mbops.o)
                              Output/Debug/Obj/timer_pca10040/nrf_log_str_formatter.o (isprint)
C:/Program Files/SEGGER/SEGGER Embedded Studio for ARM 7.12/lib/libc_v7em_fpv4_sp_d16_hard_t_le_eabi_balanced.a(sortops.o)
                              C:/Program Files/SEGGER/SEGGER Embedded Studio for ARM 7.12/lib/libc_v7em_fpv4_sp_d16_hard_t_le_eabi_balanced.a(mbops.o) (bsearch)
C:/Program Files/SEGGER/SEGGER Embedded Studio for ARM 7.12/lib/libc_v7em_fpv4_sp_d16_hard_t_le_eabi_balanced.a(strasmops_arm.o)
                              Output/Debug/Obj/timer_pca10040/nrf_fprintf_format.o (strlen)
C:/Program Files/SEGGER/SEGGER Embedded Studio for ARM 7.12/lib/libc_v7em_fpv4_sp_d16_hard_t_le_eabi_balanced.a(strops.o)
                              C:/Program Files/SEGGER/SEGGER Embedded Studio for ARM 7.12/lib/libc_v7em_fpv4_sp_d16_hard_t_le_eabi_balanced.a(mbops.o) (strcat)
C:/Program Files/SEGGER/SEGGER Embedded Studio for ARM 7.12/lib/libc_v7em_fpv4_sp_d16_hard_t_le_eabi_balanced.a(timeops.o)
                              C:/Program Files/SEGGER/SEGGER Embedded Studio for ARM 7.12/lib/libc_v7em_fpv4_sp_d16_hard_t_le_eabi_balanced.a(mbops.o) (__SEGGER_RTL_string_list_encode)
C:/Program Files/SEGGER/SEGGER Embedded Studio for ARM 7.12/lib/libc_v7em_fpv4_sp_d16_hard_t_le_eabi_balanced.a(prinops.o)
                              Output/Debug/Obj/timer_pca10040/main.o (printf)
C:/Program Files/SEGGER/SEGGER Embedded Studio for ARM 7.12/lib/libc_v7em_fpv4_sp_d16_hard_t_le_eabi_balanced.a(__SEGGER_RTL_vfprintf_long.o)
                              (__SEGGER_RTL_vfprintf_long)
C:/Program Files/SEGGER/SEGGER Embedded Studio for ARM 7.12/lib/libc_v7em_fpv4_sp_d16_hard_t_le_eabi_balanced.a(__SEGGER_RTL_vfscanf_long.o)
                              (__SEGGER_RTL_vfscanf_long)
C:/Program Files/SEGGER/SEGGER Embedded Studio for ARM 7.12/lib/libc_v7em_fpv4_sp_d16_hard_t_le_eabi_balanced.a(errno.o)
                              C:/Program Files/SEGGER/SEGGER Embedded Studio for ARM 7.12/lib/libc_v7em_fpv4_sp_d16_hard_t_le_eabi_balanced.a(mbops.o) (__aeabi_errno_addr)
C:/Program Files/SEGGER/SEGGER Embedded Studio for ARM 7.12/lib/libc_v7em_fpv4_sp_d16_hard_t_le_eabi_balanced.a(execops.o)
                              C:/Program Files/SEGGER/SEGGER Embedded Studio for ARM 7.12/lib/libc_v7em_fpv4_sp_d16_hard_t_le_eabi_balanced.a(strops.o) (__SEGGER_RTL_constraint_violation)
C:/Program Files/SEGGER/SEGGER Embedded Studio for ARM 7.12/lib/libc_v7em_fpv4_sp_d16_hard_t_le_eabi_balanced.a(execops_arm.o)
                              C:/Program Files/SEGGER/SEGGER Embedded Studio for ARM 7.12/lib/libc_v7em_fpv4_sp_d16_hard_t_le_eabi_balanced.a(execops.o) (__aeabi_SIGABRT)
C:/Program Files/SEGGER/SEGGER Embedded Studio for ARM 7.12/lib/libc_v7em_fpv4_sp_d16_hard_t_le_eabi_balanced.a(fileops.o)
                              C:/Program Files/SEGGER/SEGGER Embedded Studio for ARM 7.12/lib/libc_v7em_fpv4_sp_d16_hard_t_le_eabi_balanced.a(prinops.o) (fwrite)
C:/Program Files/SEGGER/SEGGER Embedded Studio for ARM 7.12/lib/libc_v7em_fpv4_sp_d16_hard_t_le_eabi_balanced.a(floatasmops_arm.o)
                              C:/Program Files/SEGGER/SEGGER Embedded Studio for ARM 7.12/lib/libc_v7em_fpv4_sp_d16_hard_t_le_eabi_balanced.a(timeops.o) (__aeabi_i2d)
C:/Program Files/SEGGER/SEGGER Embedded Studio for ARM 7.12/lib/libc_v7em_fpv4_sp_d16_hard_t_le_eabi_balanced.a(intasmops_arm.o)
                              C:/Program Files/SEGGER/SEGGER Embedded Studio for ARM 7.12/lib/libc_v7em_fpv4_sp_d16_hard_t_le_eabi_balanced.a(__SEGGER_RTL_vfprintf_long.o) (__aeabi_uldivmod)
C:/Program Files/SEGGER/SEGGER Embedded Studio for ARM 7.12/lib/libc_v7em_fpv4_sp_d16_hard_t_le_eabi_balanced.a(intops.o)
                              C:/Program Files/SEGGER/SEGGER Embedded Studio for ARM 7.12/lib/libc_v7em_fpv4_sp_d16_hard_t_le_eabi_balanced.a(timeops.o) (div)
C:/Program Files/SEGGER/SEGGER Embedded Studio for ARM 7.12/lib/libc_v7em_fpv4_sp_d16_hard_t_le_eabi_balanced.a(utilops.o)
                              C:/Program Files/SEGGER/SEGGER Embedded Studio for ARM 7.12/lib/libc_v7em_fpv4_sp_d16_hard_t_le_eabi_balanced.a(__SEGGER_RTL_vfscanf_long.o) (__SEGGER_RTL_digit)
C:/Program Files/SEGGER/SEGGER Embedded Studio for ARM 7.12/lib/libc_v7em_fpv4_sp_d16_hard_t_le_eabi_balanced.a(convops.o)
                              C:/Program Files/SEGGER/SEGGER Embedded Studio for ARM 7.12/lib/libc_v7em_fpv4_sp_d16_hard_t_le_eabi_balanced.a(execops.o) (itoa)
C:/Program Files/SEGGER/SEGGER Embedded Studio for ARM 7.12/lib/libc_v7em_fpv4_sp_d16_hard_t_le_eabi_balanced.a(floatops.o)
                              C:/Program Files/SEGGER/SEGGER Embedded Studio for ARM 7.12/lib/libc_v7em_fpv4_sp_d16_hard_t_le_eabi_balanced.a(convops.o) (__SEGGER_RTL_float32_isinf)
[...]
Memory Configuration

Name             Origin             Length             Attributes
UNPLACED_SECTIONS 0x0000000100000000 0x0000000000000000 xw
RAM1             0x0000000020000000 0x0000000000010000 xw
FLASH1           0x0000000000000000 0x0000000000080000 xw
*default*        0x0000000000000000 0xffffffffffffffff

Linker script and memory map

                0x0000000000002be8                __SEGGER_RTL_vfprintf = __SEGGER_RTL_vfprintf_long
                0x0000000000000000                __SEGGER_RTL_vfscanf = __SEGGER_RTL_vfscanf_long
                0x0000000020000000                __RAM1_segment_start__ = 0x20000000
                0x0000000020010000                __RAM1_segment_end__ = 0x20010000
                0x0000000000010000                __RAM1_segment_size__ = 0x10000
                0x0000000000000000                __FLASH1_segment_start__ = 0x0
                0x0000000000080000                __FLASH1_segment_end__ = 0x80000
                0x0000000000080000                __FLASH1_segment_size__ = 0x80000
                0x0000000000002000                __HEAPSIZE__ = 0x2000
                0x0000000000000000                __STACKSIZE_PROCESS__ = 0x0
                0x0000000000002000                __STACKSIZE__ = 0x2000
                0x0000000020000000                __vectors_ram_load_start__ = 0x20000000

.vectors_ram    0x0000000020000000        0x0
                0x0000000020000000                __vectors_ram_start__ = .
                0x0000000020000000                __app_ram_start__ = __vectors_ram_start__
 *(.vectors_ram .vectors_ram.*)
                0x0000000020000000                __vectors_ram_end__ = (__vectors_ram_start__ + SIZEOF (.vectors_ram))
                0x0000000000000000                __vectors_ram_size__ = SIZEOF (.vectors_ram)
                0x0000000020000000                __vectors_ram_load_end__ = __vectors_ram_end__
                0x0000000000000001                . = ASSERT (((__vectors_ram_start__ == __vectors_ram_end__) || ((__vectors_ram_end__ - __RAM1_segment_start__) <= __RAM1_segment_size__)), error: .vectors_ram is too large to fit in RAM1 memory segment)
                0x0000000020000000                __nrf_sections_run_load_start__ = ALIGN (__vectors_ram_end__, 0x4)

.nrf_sections_run
                0x0000000020000000        0x0
                0x0000000020000000                __nrf_sections_run_start__ = .
                0x0000000020000000                __start_nrf_sections_run = __nrf_sections_run_start__
 *(.nrf_sections_run .nrf_sections_run.*)
                0x0000000020000000                __nrf_sections_run_end__ = (__nrf_sections_run_start__ + SIZEOF (.nrf_sections_run))
                0x0000000000000000                __nrf_sections_run_size__ = SIZEOF (.nrf_sections_run)
                0x0000000020000000                __nrf_sections_run_load_end__ = __nrf_sections_run_end__
                0x0000000000000001                . = ASSERT (((__nrf_sections_run_start__ == __nrf_sections_run_end__) || ((__nrf_sections_run_end__ - __RAM1_segment_start__) <= __RAM1_segment_size__)), error: .nrf_sections_run is too large to fit in RAM1 memory segment)
                0x0000000000000000                __vectors_load_start__ = 0x0

.vectors        0x0000000000000000      0x200
                0x0000000000000000                __vectors_start__ = .
 *(.vectors .vectors.*)
 .vectors       0x0000000000000000      0x200 Output/Debug/Obj/timer_pca10040/ses_startup_nrf52.o
                0x0000000000000000                _vectors
                0x0000000000000200                __vectors_end__ = (__vectors_start__ + SIZEOF (.vectors))
                0x0000000000000200                __vectors_size__ = SIZEOF (.vectors)
                0x0000000000000200                __vectors_load_end__ = __vectors_end__
                0x0000000000000001                . = ASSERT (((__vectors_start__ == __vectors_end__) || ((__vectors_end__ - __FLASH1_segment_start__) <= __FLASH1_segment_size__)), error: .vectors is too large to fit in FLASH1 memory segment)
                0x0000000000000200                __init_load_start__ = ALIGN (__vectors_end__, 0x4)

.init           0x0000000000000200      0x1cc
                0x0000000000000200                __init_start__ = .
 *(.init .init.*)
 .init          0x0000000000000200       0x18 Output/Debug/Obj/timer_pca10040/ses_startup_nrf52.o
                0x0000000000000200                NMI_Handler
                0x0000000000000202                HardFault_Handler
                0x0000000000000204                MemoryManagement_Handler
                0x0000000000000206                BusFault_Handler
                0x0000000000000208                UsageFault_Handler
                0x000000000000020a                SVC_Handler
                0x000000000000020c                DebugMon_Handler
                0x000000000000020e                PendSV_Handler
                0x0000000000000210                SysTick_Handler
                0x0000000000000212                PWM1_IRQHandler
                0x0000000000000212                GPIOTE_IRQHandler
                0x0000000000000212                SWI0_EGU0_IRQHandler
                0x0000000000000212                POWER_CLOCK_IRQHandler
                0x0000000000000212                RADIO_IRQHandler
                0x0000000000000212                PDM_IRQHandler
                0x0000000000000212                TEMP_IRQHandler
                0x0000000000000212                QDEC_IRQHandler
                0x0000000000000212                RTC0_IRQHandler
                0x0000000000000212                FPU_IRQHandler
                0x0000000000000212                SPIM0_SPIS0_TWIM0_TWIS0_SPI0_TWI0_IRQHandler
                0x0000000000000212                SWI2_EGU2_IRQHandler
                0x0000000000000212                UARTE0_UART0_IRQHandler
                0x0000000000000212                TIMER4_IRQHandler
                0x0000000000000212                I2S_IRQHandler
                0x0000000000000212                SWI4_EGU4_IRQHandler
                0x0000000000000212                Dummy_Handler
                0x0000000000000212                TIMER1_IRQHandler
                0x0000000000000212                PWM2_IRQHandler
                0x0000000000000212                ECB_IRQHandler
                0x0000000000000212                SPIM1_SPIS1_TWIM1_TWIS1_SPI1_TWI1_IRQHandler
                0x0000000000000212                SAADC_IRQHandler
                0x0000000000000212                CCM_AAR_IRQHandler
                0x0000000000000212                WDT_IRQHandler
                0x0000000000000212                TIMER3_IRQHandler
                0x0000000000000212                SWI5_EGU5_IRQHandler
                0x0000000000000212                RNG_IRQHandler
                0x0000000000000212                RTC2_IRQHandler
                0x0000000000000212                PWM0_IRQHandler
                0x0000000000000212                SWI3_EGU3_IRQHandler
                0x0000000000000212                RTC1_IRQHandler
                0x0000000000000212                SWI1_EGU1_IRQHandler
                0x0000000000000212                SPIM2_SPIS2_SPI2_IRQHandler
                0x0000000000000212                NFCT_IRQHandler
                0x0000000000000212                TIMER2_IRQHandler
                0x0000000000000212                MWU_IRQHandler
                0x0000000000000212                COMP_LPCOMP_IRQHandler
                0x0000000000000214                nRFInitialize
 .init          0x0000000000000218       0x5c Output/Debug/Obj/timer_pca10040/ses_startup_nrf_common.o
                0x0000000000000218                Reset_Handler
                0x000000000000021c                afterInitialize
                0x0000000000000240                InitializeUserMemorySections
 .init          0x0000000000000274      0x158 Output/Debug/Obj/timer_pca10040/thumb_crt0.o
                0x0000000000000274                _start
                0x0000000000000322                exit
                0x00000000000003cc                __init_end__ = (__init_start__ + SIZEOF (.init))
                0x00000000000001cc                __init_size__ = SIZEOF (.init)
                0x00000000000003cc                __init_load_end__ = __init_end__
                0x0000000000000001                . = ASSERT (((__init_start__ == __init_end__) || ((__init_end__ - __FLASH1_segment_start__) <= __FLASH1_segment_size__)), error: .init is too large to fit in FLASH1 memory segment)
                0x00000000000003cc                __init_rodata_load_start__ = ALIGN (__init_end__, 0x4)

.init_rodata    0x00000000000003cc        0x0
                0x00000000000003cc                __init_rodata_start__ = .
 *(.init_rodata .init_rodata.*)
                0x00000000000003cc                __init_rodata_end__ = (__init_rodata_start__ + SIZEOF (.init_rodata))
                0x0000000000000000                __init_rodata_size__ = SIZEOF (.init_rodata)
                0x00000000000003cc                __init_rodata_load_end__ = __init_rodata_end__
                0x0000000000000001                . = ASSERT (((__init_rodata_start__ == __init_rodata_end__) || ((__init_rodata_end__ - __FLASH1_segment_start__) <= __FLASH1_segment_size__)), error: .init_rodata is too large to fit in FLASH1 memory segment)
                0x00000000000003cc                __text_load_start__ = ALIGN (__init_rodata_end__, 0x4)

.text           0x00000000000003cc     0x30e4
                0x00000000000003cc                __text_start__ = .
 *(.text .text.* .gnu.linkonce.t.* .glue_7t .glue_7 .gcc_except_table .ARM.extab* .gnu.linkonce.armextab.*)
 .glue_7        0x00000000000003cc        0x0 linker stubs
 .glue_7t       0x00000000000003cc        0x0 linker stubs
 .text.nrfx_coredep_delay_us
                0x00000000000003cc       0x30 Output/Debug/Obj/timer_pca10040/main.o
 .text.nrf_delay_ms
                0x00000000000003fc       0x2a Output/Debug/Obj/timer_pca10040/main.o
 .text.timer_event
                0x0000000000000426        0xc Output/Debug/Obj/timer_pca10040/main.o
                0x0000000000000426                timer_event
 *fill*         0x0000000000000432        0x2 
 .text.main     0x0000000000000434       0x84 Output/Debug/Obj/timer_pca10040/main.o
                0x0000000000000434                main
 .text.nrf_gpio_pin_port_decode
                0x00000000000004b8       0x30 Output/Debug/Obj/timer_pca10040/boards.o
 .text.nrf_gpio_cfg
                0x00000000000004e8       0x62 Output/Debug/Obj/timer_pca10040/boards.o
 .text.nrf_gpio_cfg_output
                0x000000000000054a       0x22 Output/Debug/Obj/timer_pca10040/boards.o
 .text.nrf_gpio_cfg_input
                0x000000000000056c       0x2a Output/Debug/Obj/timer_pca10040/boards.o
 .text.nrf_gpio_pin_set
                0x0000000000000596       0x28 Output/Debug/Obj/timer_pca10040/boards.o
 .text.nrf_gpio_pin_clear
                0x00000000000005be       0x28 Output/Debug/Obj/timer_pca10040/boards.o
 .text.nrf_gpio_pin_write
                0x00000000000005e6       0x24 Output/Debug/Obj/timer_pca10040/boards.o
 .text.nrf_gpio_port_out_set
                0x000000000000060a       0x14 Output/Debug/Obj/timer_pca10040/boards.o
 .text.nrf_gpio_port_out_clear
                0x000000000000061e       0x14 Output/Debug/Obj/timer_pca10040/boards.o
 .text.nrf_gpio_pin_present_check
                0x0000000000000632       0x40 Output/Debug/Obj/timer_pca10040/boards.o
 *fill*         0x0000000000000672        0x2 
 .text.bsp_board_led_off
                0x0000000000000674       0x34 Output/Debug/Obj/timer_pca10040/boards.o
                0x0000000000000674                bsp_board_led_off
 .text.bsp_board_leds_off
                0x00000000000006a8       0x26 Output/Debug/Obj/timer_pca10040/boards.o
                0x00000000000006a8                bsp_board_leds_off
 *fill*         0x00000000000006ce        0x2 
 .text.bsp_board_leds_init
                0x00000000000006d0       0x34 Output/Debug/Obj/timer_pca10040/boards.o
 .text.bsp_board_buttons_init
                0x0000000000000704       0x34 Output/Debug/Obj/timer_pca10040/boards.o
 .text.bsp_board_init
                0x0000000000000738       0x2a Output/Debug/Obj/timer_pca10040/boards.o
                0x0000000000000738                bsp_board_init
 *fill*         0x0000000000000762        0x2 
 .text.__NVIC_SystemReset
                0x0000000000000764       0x28 Output/Debug/Obj/timer_pca10040/system_nrf52.o
 .text.nrf52_errata_12
                0x000000000000078c       0x88 Output/Debug/Obj/timer_pca10040/system_nrf52.o
 .text.nrf52_errata_16
                0x0000000000000814       0x68 Output/Debug/Obj/timer_pca10040/system_nrf52.o
 .text.nrf52_errata_31
                0x000000000000087c       0x88 Output/Debug/Obj/timer_pca10040/system_nrf52.o
 .text.nrf52_errata_32
                0x0000000000000904       0x68 Output/Debug/Obj/timer_pca10040/system_nrf52.o
 .text.nrf52_errata_36
                0x000000000000096c       0x88 Output/Debug/Obj/timer_pca10040/system_nrf52.o
 .text.nrf52_errata_37
                0x00000000000009f4       0x68 Output/Debug/Obj/timer_pca10040/system_nrf52.o
 .text.nrf52_errata_57
                0x0000000000000a5c       0x68 Output/Debug/Obj/timer_pca10040/system_nrf52.o
 .text.nrf52_errata_66
                0x0000000000000ac4       0x88 Output/Debug/Obj/timer_pca10040/system_nrf52.o
 .text.nrf52_errata_108
                0x0000000000000b4c       0x88 Output/Debug/Obj/timer_pca10040/system_nrf52.o
 .text.nrf52_errata_136
                0x0000000000000bd4       0x88 Output/Debug/Obj/timer_pca10040/system_nrf52.o
 .text.nrf52_errata_182
                0x0000000000000c5c       0x60 Output/Debug/Obj/timer_pca10040/system_nrf52.o
 .text.nrf52_errata_249
                0x0000000000000cbc       0x60 Output/Debug/Obj/timer_pca10040/system_nrf52.o
 .text.nrf52_handle_approtect
                0x0000000000000d1c       0x20 Output/Debug/Obj/timer_pca10040/system_nrf52.o
 .text.nvmc_wait
                0x0000000000000d3c       0x18 Output/Debug/Obj/timer_pca10040/system_nrf52.o
                0x0000000000000d3c                nvmc_wait
 .text.nvmc_config
                0x0000000000000d54       0x20 Output/Debug/Obj/timer_pca10040/system_nrf52.o
                0x0000000000000d54                nvmc_config
 .text.SystemCoreClockUpdate
                0x0000000000000d74       0x14 Output/Debug/Obj/timer_pca10040/system_nrf52.o
                0x0000000000000d74                SystemCoreClockUpdate
 .text.SystemInit
                0x0000000000000d88      0x2ac Output/Debug/Obj/timer_pca10040/system_nrf52.o
                0x0000000000000d88                SystemInit
 .text.__NVIC_EnableIRQ
                0x0000000000001034       0x34 Output/Debug/Obj/timer_pca10040/nrfx_timer.o
 .text.__NVIC_SetPriority
                0x0000000000001068       0x50 Output/Debug/Obj/timer_pca10040/nrfx_timer.o
 .text.nrfx_get_irq_number
                0x00000000000010b8       0x10 Output/Debug/Obj/timer_pca10040/nrfx_timer.o
 .text._NRFX_IRQ_PRIORITY_SET
                0x00000000000010c8       0x40 Output/Debug/Obj/timer_pca10040/nrfx_timer.o
 .text._NRFX_IRQ_ENABLE
                0x0000000000001108       0x1c Output/Debug/Obj/timer_pca10040/nrfx_timer.o
 .text.nrf_timer_task_trigger
                0x0000000000001124       0x1c Output/Debug/Obj/timer_pca10040/nrfx_timer.o
 .text.nrf_timer_event_clear
                0x0000000000001140       0x2a Output/Debug/Obj/timer_pca10040/nrfx_timer.o
 .text.nrf_timer_event_check
                0x000000000000116a       0x24 Output/Debug/Obj/timer_pca10040/nrfx_timer.o
 .text.nrf_timer_int_enable_check
                0x000000000000118e       0x20 Output/Debug/Obj/timer_pca10040/nrfx_timer.o
 .text.nrf_timer_mode_set
                0x00000000000011ae       0x2a Output/Debug/Obj/timer_pca10040/nrfx_timer.o
 .text.nrf_timer_mode_get
                0x00000000000011d8       0x12 Output/Debug/Obj/timer_pca10040/nrfx_timer.o
 .text.nrf_timer_bit_width_set
                0x00000000000011ea       0x2a Output/Debug/Obj/timer_pca10040/nrfx_timer.o
 .text.nrf_timer_frequency_set
                0x0000000000001214       0x2a Output/Debug/Obj/timer_pca10040/nrfx_timer.o
 .text.nrf_timer_cc_read
                0x000000000000123e       0x1e Output/Debug/Obj/timer_pca10040/nrfx_timer.o
 .text.nrf_timer_capture_task_get
                0x000000000000125c       0x12 Output/Debug/Obj/timer_pca10040/nrfx_timer.o
 .text.nrf_timer_compare_event_get
                0x000000000000126e       0x14 Output/Debug/Obj/timer_pca10040/nrfx_timer.o
 .text.nrf_timer_compare_int_get
                0x0000000000001282       0x14 Output/Debug/Obj/timer_pca10040/nrfx_timer.o
 *fill*         0x0000000000001296        0x2 
 .text.nrfx_timer_init
                0x0000000000001298      0x1f4 Output/Debug/Obj/timer_pca10040/nrfx_timer.o
                0x0000000000001298                nrfx_timer_init
 .text.nrfx_timer_enable
                0x000000000000148c       0x5c Output/Debug/Obj/timer_pca10040/nrfx_timer.o
                0x000000000000148c                nrfx_timer_enable
 .text.nrfx_timer_increment
                0x00000000000014e8       0x5c Output/Debug/Obj/timer_pca10040/nrfx_timer.o
                0x00000000000014e8                nrfx_timer_increment
 .text.nrfx_timer_capture
                0x0000000000001544       0x7c Output/Debug/Obj/timer_pca10040/nrfx_timer.o
                0x0000000000001544                nrfx_timer_capture
 .text.irq_handler
                0x00000000000015c0       0x8e Output/Debug/Obj/timer_pca10040/nrfx_timer.o
 *fill*         0x000000000000164e        0x2 
 .text.TIMER0_IRQHandler
                0x0000000000001650       0x18 Output/Debug/Obj/timer_pca10040/nrfx_timer.o
                0x0000000000001650                TIMER0_IRQHandler
 .text.app_error_save_and_stop
                0x0000000000001668       0x98 Output/Debug/Obj/timer_pca10040/app_error.o
                0x0000000000001668                app_error_save_and_stop
 .text.app_error_handler
                0x0000000000001700       0x1c Output/Debug/Obj/timer_pca10040/app_error_handler_gcc.o
                0x0000000000001700                app_error_handler
 .text.app_error_fault_handler
                0x000000000000171c      0x104 Output/Debug/Obj/timer_pca10040/app_error_weak.o
                0x000000000000171c                app_error_fault_handler
 .text.app_util_disable_irq
                0x0000000000001820       0x18 Output/Debug/Obj/timer_pca10040/app_util_platform.o
                0x0000000000001820                app_util_disable_irq
 .text.app_util_enable_irq
                0x0000000000001838       0x20 Output/Debug/Obj/timer_pca10040/app_util_platform.o
                0x0000000000001838                app_util_enable_irq
 .text.app_util_critical_region_enter
                0x0000000000001858       0x28 Output/Debug/Obj/timer_pca10040/app_util_platform.o
                0x0000000000001858                app_util_critical_region_enter
 .text.app_util_critical_region_exit
                0x0000000000001880       0x2c Output/Debug/Obj/timer_pca10040/app_util_platform.o
                0x0000000000001880                app_util_critical_region_exit
 .text.privilege_level_get
                0x00000000000018ac       0x3a Output/Debug/Obj/timer_pca10040/app_util_platform.o
                0x00000000000018ac                privilege_level_get
 .text.assert_nrf_callback
                0x00000000000018e6       0x2c Output/Debug/Obj/timer_pca10040/nrf_assert.o
                0x00000000000018e6                assert_nrf_callback
 .text.nrf_atomic_u32_fetch_store
                0x0000000000001912       0x2e Output/Debug/Obj/timer_pca10040/nrf_atomic.o
                0x0000000000001912                nrf_atomic_u32_fetch_store
 .text.nrf_atomic_u32_or
                0x0000000000001940       0x30 Output/Debug/Obj/timer_pca10040/nrf_atomic.o
                0x0000000000001940                nrf_atomic_u32_or
 .text.nrf_atomic_u32_fetch_and
                0x0000000000001970       0x30 Output/Debug/Obj/timer_pca10040/nrf_atomic.o
                0x0000000000001970                nrf_atomic_u32_fetch_and
 .text.nrf_atomic_u32_add
                0x00000000000019a0       0x30 Output/Debug/Obj/timer_pca10040/nrf_atomic.o
                0x00000000000019a0                nrf_atomic_u32_add
 .text.nrf_atomic_u32_sub
                0x00000000000019d0       0x30 Output/Debug/Obj/timer_pca10040/nrf_atomic.o
                0x00000000000019d0                nrf_atomic_u32_sub
 .text.nrf_atomic_flag_set
                0x0000000000001a00       0x18 Output/Debug/Obj/timer_pca10040/nrf_atomic.o
                0x0000000000001a00                nrf_atomic_flag_set
 .text.nrf_atomic_flag_clear_fetch
                0x0000000000001a18       0x18 Output/Debug/Obj/timer_pca10040/nrf_atomic.o
                0x0000000000001a18                nrf_atomic_flag_clear_fetch
 .text.nrf_balloc_idx2block
                0x0000000000001a30       0x38 Output/Debug/Obj/timer_pca10040/nrf_balloc.o
 .text.nrf_balloc_block2idx
                0x0000000000001a68       0x34 Output/Debug/Obj/timer_pca10040/nrf_balloc.o
 .text.nrf_balloc_alloc
                0x0000000000001a9c       0x84 Output/Debug/Obj/timer_pca10040/nrf_balloc.o
                0x0000000000001a9c                nrf_balloc_alloc
 .text.nrf_balloc_free
                0x0000000000001b20       0x58 Output/Debug/Obj/timer_pca10040/nrf_balloc.o
                0x0000000000001b20                nrf_balloc_free
 .text.nrf_memobj_alloc
                0x0000000000001b78       0xae Output/Debug/Obj/timer_pca10040/nrf_memobj.o
                0x0000000000001b78                nrf_memobj_alloc
 .text.nrf_memobj_free
                0x0000000000001c26       0x74 Output/Debug/Obj/timer_pca10040/nrf_memobj.o
                0x0000000000001c26                nrf_memobj_free
 .text.nrf_memobj_get
                0x0000000000001c9a       0x1e Output/Debug/Obj/timer_pca10040/nrf_memobj.o
                0x0000000000001c9a                nrf_memobj_get
 .text.nrf_memobj_put
                0x0000000000001cb8       0x34 Output/Debug/Obj/timer_pca10040/nrf_memobj.o
                0x0000000000001cb8                nrf_memobj_put
 .text.memobj_op
                0x0000000000001cec      0x124 Output/Debug/Obj/timer_pca10040/nrf_memobj.o
 .text.nrf_memobj_write
                0x0000000000001e10       0x3c Output/Debug/Obj/timer_pca10040/nrf_memobj.o
                0x0000000000001e10                nrf_memobj_write
 .text.nrf_strerror_get
                0x0000000000001e4c       0x28 Output/Debug/Obj/timer_pca10040/nrf_strerror.o
                0x0000000000001e4c                nrf_strerror_get
 .text.nrf_strerror_find
                0x0000000000001e74       0x68 Output/Debug/Obj/timer_pca10040/nrf_strerror.o
                0x0000000000001e74                nrf_strerror_find
 .text.nrf_log_backend_put
                0x0000000000001edc       0x1c Output/Debug/Obj/timer_pca10040/nrf_log_frontend.o
 .text.nrf_log_backend_panic_set
                0x0000000000001ef8       0x18 Output/Debug/Obj/timer_pca10040/nrf_log_frontend.o
 .text.nrf_log_backend_flush
                0x0000000000001f10       0x18 Output/Debug/Obj/timer_pca10040/nrf_log_frontend.o
 .text.nrf_log_backend_enable
                0x0000000000001f28       0x12 Output/Debug/Obj/timer_pca10040/nrf_log_frontend.o
 .text.nrf_log_backend_is_enabled
                0x0000000000001f3a       0x10 Output/Debug/Obj/timer_pca10040/nrf_log_frontend.o
 *fill*         0x0000000000001f4a        0x2 
 .text.nrf_log_module_cnt_get
                0x0000000000001f4c       0x14 Output/Debug/Obj/timer_pca10040/nrf_log_frontend.o
                0x0000000000001f4c                nrf_log_module_cnt_get
 .text.invalid_packets_omit
                0x0000000000001f60       0x6e Output/Debug/Obj/timer_pca10040/nrf_log_frontend.o
 *fill*         0x0000000000001fce        0x2 
 .text.log_skip
                0x0000000000001fd0      0x118 Output/Debug/Obj/timer_pca10040/nrf_log_frontend.o
 .text.dropped_sat16_get
                0x00000000000020e8       0x28 Output/Debug/Obj/timer_pca10040/nrf_log_frontend.o
 .text.std_header_set
                0x0000000000002110       0xb4 Output/Debug/Obj/timer_pca10040/nrf_log_frontend.o
 .text.log_pending_hook
                0x00000000000021c4        0x4 Output/Debug/Obj/timer_pca10040/nrf_log_frontend.o
                0x00000000000021c4                log_pending_hook
 .text.buf_prealloc
                0x00000000000021c8      0x128 Output/Debug/Obj/timer_pca10040/nrf_log_frontend.o
 .text.std_n    0x00000000000022f0       0x94 Output/Debug/Obj/timer_pca10040/nrf_log_frontend.o
 .text.nrf_log_frontend_std_0
                0x0000000000002384       0x1c Output/Debug/Obj/timer_pca10040/nrf_log_frontend.o
                0x0000000000002384                nrf_log_frontend_std_0
 .text.nrf_log_frontend_std_1
                0x00000000000023a0       0x22 Output/Debug/Obj/timer_pca10040/nrf_log_frontend.o
                0x00000000000023a0                nrf_log_frontend_std_1
 .text.nrf_log_frontend_std_2
                0x00000000000023c2       0x28 Output/Debug/Obj/timer_pca10040/nrf_log_frontend.o
                0x00000000000023c2                nrf_log_frontend_std_2
 .text.nrf_log_frontend_std_5
                0x00000000000023ea       0x34 Output/Debug/Obj/timer_pca10040/nrf_log_frontend.o
                0x00000000000023ea                nrf_log_frontend_std_5
 *fill*         0x000000000000241e        0x2 
 .text.buffer_is_empty
                0x0000000000002420       0x1c Output/Debug/Obj/timer_pca10040/nrf_log_frontend.o
                0x0000000000002420                buffer_is_empty
 .text.nrf_log_frontend_dequeue
                0x000000000000243c      0x3a0 Output/Debug/Obj/timer_pca10040/nrf_log_frontend.o
                0x000000000000243c                nrf_log_frontend_dequeue
 .text.nrf_log_panic
                0x00000000000027dc       0x3c Output/Debug/Obj/timer_pca10040/nrf_log_frontend.o
                0x00000000000027dc                nrf_log_panic
 .text.libc.__SEGGER_RTL_current_locale
                0x0000000000002818       0x1a C:/Program Files/SEGGER/SEGGER Embedded Studio for ARM 7.12/lib/libc_v7em_fpv4_sp_d16_hard_t_le_eabi_balanced.a(mbops.o)
                0x0000000000002818                __SEGGER_RTL_current_locale
 .text.libc.__SEGGER_RTL_ascii_mbtowc
                0x0000000000002832       0x30 C:/Program Files/SEGGER/SEGGER Embedded Studio for ARM 7.12/lib/libc_v7em_fpv4_sp_d16_hard_t_le_eabi_balanced.a(mbops.o)
                0x0000000000002832                __SEGGER_RTL_ascii_mbtowc
 .text.libc.__SEGGER_RTL_ascii_wctomb
                0x0000000000002862        0xe C:/Program Files/SEGGER/SEGGER Embedded Studio for ARM 7.12/lib/libc_v7em_fpv4_sp_d16_hard_t_le_eabi_balanced.a(mbops.o)
                0x0000000000002862                __SEGGER_RTL_ascii_wctomb
 .text.libc.__SEGGER_RTL_ascii_isctype
                0x0000000000002870       0x20 C:/Program Files/SEGGER/SEGGER Embedded Studio for ARM 7.12/lib/libc_v7em_fpv4_sp_d16_hard_t_le_eabi_balanced.a(mbops.o)
 .text.libc.__SEGGER_RTL_ascii_toupper
                0x0000000000002890        0xc C:/Program Files/SEGGER/SEGGER Embedded Studio for ARM 7.12/lib/libc_v7em_fpv4_sp_d16_hard_t_le_eabi_balanced.a(mbops.o)
 .text.libc.__SEGGER_RTL_ascii_tolower
                0x000000000000289c        0xc C:/Program Files/SEGGER/SEGGER Embedded Studio for ARM 7.12/lib/libc_v7em_fpv4_sp_d16_hard_t_le_eabi_balanced.a(mbops.o)
 .text.libc.__SEGGER_RTL_ascii_iswctype
                0x00000000000028a8       0x20 C:/Program Files/SEGGER/SEGGER Embedded Studio for ARM 7.12/lib/libc_v7em_fpv4_sp_d16_hard_t_le_eabi_balanced.a(mbops.o)
 .text.libc.__SEGGER_RTL_ascii_towupper
                0x00000000000028c8        0xc C:/Program Files/SEGGER/SEGGER Embedded Studio for ARM 7.12/lib/libc_v7em_fpv4_sp_d16_hard_t_le_eabi_balanced.a(mbops.o)
 .text.libc.__SEGGER_RTL_ascii_towlower
                0x00000000000028d4        0xc C:/Program Files/SEGGER/SEGGER Embedded Studio for ARM 7.12/lib/libc_v7em_fpv4_sp_d16_hard_t_le_eabi_balanced.a(mbops.o)
 .text.libc.strlen
                0x00000000000028e0       0x60 C:/Program Files/SEGGER/SEGGER Embedded Studio for ARM 7.12/lib/libc_v7em_fpv4_sp_d16_hard_t_le_eabi_balanced.a(strasmops_arm.o)
                0x00000000000028e0                strlen
 .text.libc.memcpy
                0x0000000000002940       0x64 C:/Program Files/SEGGER/SEGGER Embedded Studio for ARM 7.12/lib/libc_v7em_fpv4_sp_d16_hard_t_le_eabi_balanced.a(strasmops_arm.o)
                0x0000000000002940                __aeabi_memcpy
                0x0000000000002940                memcpy
                0x0000000000002962                __aeabi_memcpy8
                0x0000000000002962                __aeabi_memcpy4
 .text.libc.__aeabi_memclr
                0x00000000000029a4       0x68 C:/Program Files/SEGGER/SEGGER Embedded Studio for ARM 7.12/lib/libc_v7em_fpv4_sp_d16_hard_t_le_eabi_balanced.a(strasmops_arm.o)
                0x00000000000029a4                __aeabi_memclr8
                0x00000000000029a4                __aeabi_memclr
                0x00000000000029a4                __aeabi_memclr4
                0x00000000000029a6                __aeabi_memset4
                0x00000000000029a6                __aeabi_memset8
                0x00000000000029a6                __aeabi_memset
                0x00000000000029ac                memset
 .text.libc.strnlen
                0x0000000000002a0c       0x4c C:/Program Files/SEGGER/SEGGER Embedded Studio for ARM 7.12/lib/libc_v7em_fpv4_sp_d16_hard_t_le_eabi_balanced.a(strops.o)
                0x0000000000002a0c                strnlen
 .text.libc.__SEGGER_RTL_putc
                0x0000000000002a58       0x84 C:/Program Files/SEGGER/SEGGER Embedded Studio for ARM 7.12/lib/libc_v7em_fpv4_sp_d16_hard_t_le_eabi_balanced.a(prinops.o)
                0x0000000000002a58                __SEGGER_RTL_putc
 .text.libc.__SEGGER_RTL_prin_flush
                0x0000000000002adc       0x1c C:/Program Files/SEGGER/SEGGER Embedded Studio for ARM 7.12/lib/libc_v7em_fpv4_sp_d16_hard_t_le_eabi_balanced.a(prinops.o)
                0x0000000000002adc                __SEGGER_RTL_prin_flush
 .text.libc.__SEGGER_RTL_print_padding
                0x0000000000002af8       0x1e C:/Program Files/SEGGER/SEGGER Embedded Studio for ARM 7.12/lib/libc_v7em_fpv4_sp_d16_hard_t_le_eabi_balanced.a(prinops.o)
                0x0000000000002af8                __SEGGER_RTL_print_padding
 .text.libc.__SEGGER_RTL_pre_padding
                0x0000000000002b16       0x12 C:/Program Files/SEGGER/SEGGER Embedded Studio for ARM 7.12/lib/libc_v7em_fpv4_sp_d16_hard_t_le_eabi_balanced.a(prinops.o)
                0x0000000000002b16                __SEGGER_RTL_pre_padding
 .text.libc.vfprintf
                0x0000000000002b28       0x1c C:/Program Files/SEGGER/SEGGER Embedded Studio for ARM 7.12/lib/libc_v7em_fpv4_sp_d16_hard_t_le_eabi_balanced.a(prinops.o)
                0x0000000000002b28                vfprintf
 .text.libc.vfprintf_l
                0x0000000000002b44       0x6c C:/Program Files/SEGGER/SEGGER Embedded Studio for ARM 7.12/lib/libc_v7em_fpv4_sp_d16_hard_t_le_eabi_balanced.a(prinops.o)
                0x0000000000002b44                vfprintf_l
 .text.libc.__SEGGER_RTL_stream_write
                0x0000000000002bb0        0xa C:/Program Files/SEGGER/SEGGER Embedded Studio for ARM 7.12/lib/libc_v7em_fpv4_sp_d16_hard_t_le_eabi_balanced.a(prinops.o)
 .text.libc.printf
                0x0000000000002bba       0x2c C:/Program Files/SEGGER/SEGGER Embedded Studio for ARM 7.12/lib/libc_v7em_fpv4_sp_d16_hard_t_le_eabi_balanced.a(prinops.o)
                0x0000000000002bba                printf
 *fill*         0x0000000000002be6        0x2 
 .text.libc.__SEGGER_RTL_vfprintf_long
                0x0000000000002be8      0x542 C:/Program Files/SEGGER/SEGGER Embedded Studio for ARM 7.12/lib/libc_v7em_fpv4_sp_d16_hard_t_le_eabi_balanced.a(__SEGGER_RTL_vfprintf_long.o)
                0x0000000000002be8                __SEGGER_RTL_vfprintf_long
 .text.libc.fwrite
                0x000000000000312a       0x2e C:/Program Files/SEGGER/SEGGER Embedded Studio for ARM 7.12/lib/libc_v7em_fpv4_sp_d16_hard_t_le_eabi_balanced.a(fileops.o)
                0x000000000000312a                fwrite
 .text.libc.__aeabi_uldivmod
                0x0000000000003158      0x130 C:/Program Files/SEGGER/SEGGER Embedded Studio for ARM 7.12/lib/libc_v7em_fpv4_sp_d16_hard_t_le_eabi_balanced.a(intasmops_arm.o)
                0x0000000000003158                __aeabi_uldivmod
 .text.libc.__SEGGER_RTL_X_file_stat
                0x0000000000003288       0x30 C:/Program Files/SEGGER/SEGGER Embedded Studio for ARM 7.12/lib/prinops_rtt_v7em_fpv4_sp_d16_hard_t_le_eabi_balanced.a(prinops_rtt.o)
                0x0000000000003288                __SEGGER_RTL_X_file_stat
 .text.libc.__SEGGER_RTL_X_file_bufsize
                0x00000000000032b8        0x4 C:/Program Files/SEGGER/SEGGER Embedded Studio for ARM 7.12/lib/prinops_rtt_v7em_fpv4_sp_d16_hard_t_le_eabi_balanced.a(prinops_rtt.o)
                0x00000000000032b8                __SEGGER_RTL_X_file_bufsize
 .text.libc.__SEGGER_RTL_X_file_write
                0x00000000000032bc        0x8 C:/Program Files/SEGGER/SEGGER Embedded Studio for ARM 7.12/lib/prinops_rtt_v7em_fpv4_sp_d16_hard_t_le_eabi_balanced.a(prinops_rtt.o)
                0x00000000000032bc                __SEGGER_RTL_X_file_write
 .text.libc._DoInit
                0x00000000000032c4       0x64 C:/Program Files/SEGGER/SEGGER Embedded Studio for ARM 7.12/lib/prinops_rtt_v7em_fpv4_sp_d16_hard_t_le_eabi_balanced.a(SEGGER_RTT.o)
 .text.libc._WriteNoCheck
                0x0000000000003328       0x54 C:/Program Files/SEGGER/SEGGER Embedded Studio for ARM 7.12/lib/prinops_rtt_v7em_fpv4_sp_d16_hard_t_le_eabi_balanced.a(SEGGER_RTT.o)
 .text.libc._WriteBlocking
                0x000000000000337c       0x64 C:/Program Files/SEGGER/SEGGER Embedded Studio for ARM 7.12/lib/prinops_rtt_v7em_fpv4_sp_d16_hard_t_le_eabi_balanced.a(SEGGER_RTT.o)
 .text.libc.SEGGER_RTT_WriteNoLock
                0x00000000000033e0       0x88 C:/Program Files/SEGGER/SEGGER Embedded Studio for ARM 7.12/lib/prinops_rtt_v7em_fpv4_sp_d16_hard_t_le_eabi_balanced.a(SEGGER_RTT.o)
                0x00000000000033e0                SEGGER_RTT_WriteNoLock
 .text.libc.SEGGER_RTT_Write
                0x0000000000003468       0x34 C:/Program Files/SEGGER/SEGGER Embedded Studio for ARM 7.12/lib/prinops_rtt_v7em_fpv4_sp_d16_hard_t_le_eabi_balanced.a(SEGGER_RTT.o)
                0x0000000000003468                SEGGER_RTT_Write
 .text.libc.__SEGGER_RTL_init_heap
                0x000000000000349c       0x14 C:/Program Files/SEGGER/SEGGER Embedded Studio for ARM 7.12/lib/heapops_basic_v7em_fpv4_sp_d16_hard_t_le_eabi_balanced.a(heapops_basic.o)
                0x000000000000349c                __SEGGER_RTL_init_heap
                0x00000000000034b0                __text_end__ = (__text_start__ + SIZEOF (.text))
                0x00000000000030e4                __text_size__ = SIZEOF (.text)
                0x00000000000034b0                __text_load_end__ = __text_end__

.vfp11_veneer   0x0000000100000000        0x0
 .vfp11_veneer  0x0000000100000000        0x0 linker stubs

.v4_bx          0x0000000100000000        0x0
 .v4_bx         0x0000000100000000        0x0 linker stubs

.iplt           0x0000000100000000        0x0
 .iplt          0x0000000100000000        0x0 Output/Debug/Obj/timer_pca10040/main.o
                0x0000000000000001                . = ASSERT (((__text_start__ == __text_end__) || ((__text_end__ - __FLASH1_segment_start__) <= __FLASH1_segment_size__)), error: .text is too large to fit in FLASH1 memory segment)
                0x00000000000034b0                __log_const_data_load_start__ = ALIGN (__text_end__, 0x4)

.log_const_data
                0x00000000000034b0       0x10
                0x00000000000034b0                __log_const_data_start__ = .
                0x00000000000034b0                __start_log_const_data = __log_const_data_start__
 *(SORT_BY_NAME(.log_const_data*))
 .log_const_data_TIMER
                0x00000000000034b0        0x8 Output/Debug/Obj/timer_pca10040/nrfx_timer.o
                0x00000000000034b0                m_nrf_log_TIMER_logs_data_const
 .log_const_data_app
                0x00000000000034b8        0x8 Output/Debug/Obj/timer_pca10040/nrf_log_frontend.o
                0x00000000000034b8                m_nrf_log_app_logs_data_const
                0x00000000000034c0                __log_const_data_end__ = (__log_const_data_start__ + SIZEOF (.log_const_data))
                0x0000000000000010                __log_const_data_size__ = SIZEOF (.log_const_data)
                0x00000000000034c0                __stop_log_const_data = __log_const_data_end__
                0x00000000000034c0                __log_const_data_load_end__ = __log_const_data_end__
                0x0000000000000001                . = ASSERT (((__log_const_data_start__ == __log_const_data_end__) || ((__log_const_data_end__ - __FLASH1_segment_start__) <= __FLASH1_segment_size__)), error: .log_const_data is too large to fit in FLASH1 memory segment)
                0x00000000000034c0                __log_backends_load_start__ = ALIGN (__log_const_data_end__, 0x4)

.log_backends   0x00000000000034c0        0x0
                0x00000000000034c0                __log_backends_start__ = .
                0x00000000000034c0                __start_log_backends = __log_backends_start__
 *(SORT_BY_NAME(.log_backends*))
                0x00000000000034c0                __log_backends_end__ = (__log_backends_start__ + SIZEOF (.log_backends))
                0x0000000000000000                __log_backends_size__ = SIZEOF (.log_backends)
                0x00000000000034c0                __stop_log_backends = __log_backends_end__
                0x00000000000034c0                __log_backends_load_end__ = __log_backends_end__
                0x0000000000000001                . = ASSERT (((__log_backends_start__ == __log_backends_end__) || ((__log_backends_end__ - __FLASH1_segment_start__) <= __FLASH1_segment_size__)), error: .log_backends is too large to fit in FLASH1 memory segment)
                0x00000000000034c0                __nrf_balloc_load_start__ = ALIGN (__log_backends_end__, 0x4)

.nrf_balloc     0x00000000000034c0       0x14
                0x00000000000034c0                __nrf_balloc_start__ = .
                0x00000000000034c0                __start_nrf_balloc = __nrf_balloc_start__
 *(.nrf_balloc*)
 .nrf_balloc    0x00000000000034c0       0x14 Output/Debug/Obj/timer_pca10040/nrf_log_frontend.o
                0x00000000000034c0                log_mempool
                0x00000000000034d4                __nrf_balloc_end__ = (__nrf_balloc_start__ + SIZEOF (.nrf_balloc))
                0x0000000000000014                __nrf_balloc_size__ = SIZEOF (.nrf_balloc)
                0x00000000000034d4                __stop_nrf_balloc = __nrf_balloc_end__
                0x00000000000034d4                __nrf_balloc_load_end__ = __nrf_balloc_end__
                0x0000000000000001                . = ASSERT (((__nrf_balloc_start__ == __nrf_balloc_end__) || ((__nrf_balloc_end__ - __FLASH1_segment_start__) <= __FLASH1_segment_size__)), error: .nrf_balloc is too large to fit in FLASH1 memory segment)
                0x00000000000034d4                __nrf_sections_load_start__ = ALIGN (__nrf_balloc_end__, 0x4)

.nrf_sections   0x00000000000034d4        0x0
                0x00000000000034d4                __nrf_sections_start__ = .
                0x00000000000034d4                __start_nrf_sections = __nrf_sections_start__
 *(.nrf_sections .nrf_sections.*)
                0x00000000000034d4                __nrf_sections_end__ = (__nrf_sections_start__ + SIZEOF (.nrf_sections))
                0x0000000000000000                __nrf_sections_size__ = SIZEOF (.nrf_sections)
                0x00000000000034d4                __nrf_sections_load_end__ = __nrf_sections_end__
                0x0000000000000001                . = ASSERT (((__nrf_sections_start__ == __nrf_sections_end__) || ((__nrf_sections_end__ - __FLASH1_segment_start__) <= __FLASH1_segment_size__)), error: .nrf_sections is too large to fit in FLASH1 memory segment)
                0x00000000000034d4                __log_dynamic_data_load_start__ = ALIGN (__nrf_sections_end__, 0x4)

.log_dynamic_data
                0x0000000020000000        0x0 load address 0x00000000000034d4
                0x0000000020000000                __log_dynamic_data_start__ = .
 *(SORT_BY_NAME(.log_dynamic_data*))
                0x0000000020000000                __log_dynamic_data_end__ = (__log_dynamic_data_start__ + SIZEOF (.log_dynamic_data))
                0x0000000000000000                __log_dynamic_data_size__ = SIZEOF (.log_dynamic_data)
                0x00000000000034d4                __log_dynamic_data_load_end__ = (__log_dynamic_data_load_start__ + SIZEOF (.log_dynamic_data))
                0x0000000000000001                . = ASSERT (((__log_dynamic_data_load_start__ == __log_dynamic_data_load_end__) || ((__log_dynamic_data_load_end__ - __FLASH1_segment_start__) <= __FLASH1_segment_size__)), error: .log_dynamic_data is too large to fit in FLASH1 memory segment)

.log_dynamic_data_run
                0x0000000020000000        0x0
                0x0000000020000000                __log_dynamic_data_run_start__ = .
                0x0000000020000000                __start_log_dynamic_data = __log_dynamic_data_run_start__
                0x0000000020000000                __log_dynamic_data_run_end__ = (__log_dynamic_data_run_start__ + SIZEOF (.log_dynamic_data))
                0x0000000000000000                __log_dynamic_data_run_size__ = (__log_dynamic_data_run_end__ - __log_dynamic_data_run_start__)
                0x0000000020000000                __stop_log_dynamic_data = __log_dynamic_data_run_end__
                0x0000000020000000                __log_dynamic_data_run_load_end__ = __log_dynamic_data_run_end__
                0x0000000000000001                . = ASSERT (((__log_dynamic_data_run_start__ == __log_dynamic_data_run_end__) || ((__log_dynamic_data_run_end__ - __RAM1_segment_start__) <= __RAM1_segment_size__)), error: .log_dynamic_data_run is too large to fit in RAM1 memory segment)
                0x00000000000034d4                __log_filter_data_load_start__ = ALIGN ((__log_dynamic_data_load_start__ + SIZEOF (.log_dynamic_data)), 0x4)

.log_filter_data
                0x0000000020000000        0x0 load address 0x00000000000034d4
                0x0000000020000000                __log_filter_data_start__ = .
 *(SORT_BY_NAME(.log_filter_data*))
                0x0000000020000000                __log_filter_data_end__ = (__log_filter_data_start__ + SIZEOF (.log_filter_data))
                0x0000000000000000                __log_filter_data_size__ = SIZEOF (.log_filter_data)
                0x00000000000034d4                __log_filter_data_load_end__ = (__log_filter_data_load_start__ + SIZEOF (.log_filter_data))
                0x0000000000000001                . = ASSERT (((__log_filter_data_load_start__ == __log_filter_data_load_end__) || ((__log_filter_data_load_end__ - __FLASH1_segment_start__) <= __FLASH1_segment_size__)), error: .log_filter_data is too large to fit in FLASH1 memory segment)

.log_filter_data_run
                0x0000000020000000        0x0
                0x0000000020000000                __log_filter_data_run_start__ = .
                0x0000000020000000                __start_log_filter_data = __log_filter_data_run_start__
                0x0000000020000000                __log_filter_data_run_end__ = (__log_filter_data_run_start__ + SIZEOF (.log_filter_data))
                0x0000000000000000                __log_filter_data_run_size__ = (__log_filter_data_run_end__ - __log_filter_data_run_start__)
                0x0000000020000000                __stop_log_filter_data = __log_filter_data_run_end__
                0x0000000020000000                __log_filter_data_run_load_end__ = __log_filter_data_run_end__
                0x0000000000000001                . = ASSERT (((__log_filter_data_run_start__ == __log_filter_data_run_end__) || ((__log_filter_data_run_end__ - __RAM1_segment_start__) <= __RAM1_segment_size__)), error: .log_filter_data_run is too large to fit in RAM1 memory segment)
                0x0000000020000000                __nrf_sections_run_end_load_start__ = ALIGN (__log_filter_data_run_end__, 0x4)

.nrf_sections_run_end
                0x0000000020000000        0x0
                0x0000000020000000                __nrf_sections_run_end_start__ = .
                0x0000000020000000                __end_nrf_sections_run = __nrf_sections_run_end_start__
 *(.nrf_sections_run_end .nrf_sections_run_end.*)
                0x0000000020000000                __nrf_sections_run_end_end__ = (__nrf_sections_run_end_start__ + SIZEOF (.nrf_sections_run_end))
                0x0000000000000000                __nrf_sections_run_end_size__ = SIZEOF (.nrf_sections_run_end)
                0x0000000020000000                __nrf_sections_run_end_load_end__ = __nrf_sections_run_end_end__
                0x0000000000000001                . = ASSERT (((__nrf_sections_run_end_start__ == __nrf_sections_run_end_end__) || ((__nrf_sections_run_end_end__ - __RAM1_segment_start__) <= __RAM1_segment_size__)), error: .nrf_sections_run_end is too large to fit in RAM1 memory segment)
                0x00000000000034d4                __dtors_load_start__ = ALIGN ((__log_filter_data_load_start__ + SIZEOF (.log_filter_data)), 0x4)

.dtors          0x00000000000034d4        0x0
                0x00000000000034d4                __dtors_start__ = .
 *(SORT_BY_NAME(.dtors.*))
 *(.dtors)
 *(.fini_array)
 *(SORT_BY_NAME(.fini_array.*))
                0x00000000000034d4                __dtors_end__ = (__dtors_start__ + SIZEOF (.dtors))
                0x0000000000000000                __dtors_size__ = SIZEOF (.dtors)
                0x00000000000034d4                __dtors_load_end__ = __dtors_end__
                0x0000000000000001                . = ASSERT (((__dtors_start__ == __dtors_end__) || ((__dtors_end__ - __FLASH1_segment_start__) <= __FLASH1_segment_size__)), error: .dtors is too large to fit in FLASH1 memory segment)
                0x00000000000034d4                __ctors_load_start__ = ALIGN (__dtors_end__, 0x4)

.ctors          0x00000000000034d4        0x0
                0x00000000000034d4                __ctors_start__ = .
 *(SORT_BY_NAME(.ctors.*))
 *(.ctors)
 *(.init_array)
 *(SORT_BY_NAME(.init_array.*))
                0x00000000000034d4                __ctors_end__ = (__ctors_start__ + SIZEOF (.ctors))
                0x0000000000000000                __ctors_size__ = SIZEOF (.ctors)
                0x00000000000034d4                __ctors_load_end__ = __ctors_end__
                0x0000000000000001                . = ASSERT (((__ctors_start__ == __ctors_end__) || ((__ctors_end__ - __FLASH1_segment_start__) <= __FLASH1_segment_size__)), error: .ctors is too large to fit in FLASH1 memory segment)
                0x00000000000034d4                __rodata_load_start__ = ALIGN (__ctors_end__, 0x4)

.rodata         0x00000000000034d4      0x9d9
                0x00000000000034d4                __rodata_start__ = .
 *(.rodata .rodata.* .gnu.linkonce.r.*)
 .rodata        0x00000000000034d4       0x50 Output/Debug/Obj/timer_pca10040/main.o
 *fill*         0x0000000000003524        0xc 
 .rodata.delay_machine_code.0
                0x0000000000003530        0x6 Output/Debug/Obj/timer_pca10040/main.o
 *fill*         0x0000000000003536        0x2 
 .rodata        0x0000000000003538       0x4e Output/Debug/Obj/timer_pca10040/boards.o
 *fill*         0x0000000000003586        0x2 
 .rodata.m_board_led_list
                0x0000000000003588        0x4 Output/Debug/Obj/timer_pca10040/boards.o
 .rodata.m_board_btn_list
                0x000000000000358c        0x4 Output/Debug/Obj/timer_pca10040/boards.o
 .rodata        0x0000000000003590       0x61 Output/Debug/Obj/timer_pca10040/nrfx_timer.o
 *fill*         0x00000000000035f1        0x3 
 .rodata        0x00000000000035f4       0x70 Output/Debug/Obj/timer_pca10040/app_error_weak.o
 .rodata        0x0000000000003664       0x39 Output/Debug/Obj/timer_pca10040/app_util_platform.o
 *fill*         0x000000000000369d        0x3 
 .rodata        0x00000000000036a0       0x34 Output/Debug/Obj/timer_pca10040/nrf_balloc.o
 .rodata        0x00000000000036d4       0x34 Output/Debug/Obj/timer_pca10040/nrf_memobj.o
 .rodata.m_unknown_str
                0x0000000000003708       0x13 Output/Debug/Obj/timer_pca10040/nrf_strerror.o
 *fill*         0x000000000000371b        0x1 
 .rodata        0x000000000000371c      0x3bd Output/Debug/Obj/timer_pca10040/nrf_strerror.o
 *fill*         0x0000000000003ad9        0x3 
 .rodata.nrf_strerror_array
                0x0000000000003adc      0x118 Output/Debug/Obj/timer_pca10040/nrf_strerror.o
 .rodata        0x0000000000003bf4       0x51 Output/Debug/Obj/timer_pca10040/nrf_log_frontend.o
 *fill*         0x0000000000003c45        0x3 
 .rodata.libc.__SEGGER_RTL_c_locale
                0x0000000000003c48        0xc C:/Program Files/SEGGER/SEGGER Embedded Studio for ARM 7.12/lib/libc_v7em_fpv4_sp_d16_hard_t_le_eabi_balanced.a(mbops.o)
                0x0000000000003c48                __SEGGER_RTL_c_locale
 .rodata.libc..L.str
                0x0000000000003c54        0x2 C:/Program Files/SEGGER/SEGGER Embedded Studio for ARM 7.12/lib/libc_v7em_fpv4_sp_d16_hard_t_le_eabi_balanced.a(mbops.o)
 *fill*         0x0000000000003c56        0x2 
 .rodata.libc.__SEGGER_RTL_codeset_ascii
                0x0000000000003c58       0x20 C:/Program Files/SEGGER/SEGGER Embedded Studio for ARM 7.12/lib/libc_v7em_fpv4_sp_d16_hard_t_le_eabi_balanced.a(mbops.o)
                0x0000000000003c58                __SEGGER_RTL_codeset_ascii
 .rodata.libc.__SEGGER_RTL_c_locale_abbrev_day_names
                0x0000000000003c78       0x1d C:/Program Files/SEGGER/SEGGER Embedded Studio for ARM 7.12/lib/libc_v7em_fpv4_sp_d16_hard_t_le_eabi_balanced.a(mbops.o)
                0x0000000000003c78                __SEGGER_RTL_c_locale_abbrev_day_names
 .rodata.libc.__SEGGER_RTL_c_locale_abbrev_month_names
                0x0000000000003c95       0x31 C:/Program Files/SEGGER/SEGGER Embedded Studio for ARM 7.12/lib/libc_v7em_fpv4_sp_d16_hard_t_le_eabi_balanced.a(mbops.o)
                0x0000000000003c95                __SEGGER_RTL_c_locale_abbrev_month_names
 .rodata.libc.__SEGGER_RTL_data_utf8_period
                0x0000000000003cc6        0x2 C:/Program Files/SEGGER/SEGGER Embedded Studio for ARM 7.12/lib/libc_v7em_fpv4_sp_d16_hard_t_le_eabi_balanced.a(mbops.o)
                0x0000000000003cc6                __SEGGER_RTL_data_utf8_period
 .rodata.libc.__SEGGER_RTL_data_empty_string
                0x0000000000003cc8        0x1 C:/Program Files/SEGGER/SEGGER Embedded Studio for ARM 7.12/lib/libc_v7em_fpv4_sp_d16_hard_t_le_eabi_balanced.a(mbops.o)
                0x0000000000003cc8                __SEGGER_RTL_data_empty_string
 .rodata.libc.__SEGGER_RTL_c_locale_day_names
                0x0000000000003cc9       0x3a C:/Program Files/SEGGER/SEGGER Embedded Studio for ARM 7.12/lib/libc_v7em_fpv4_sp_d16_hard_t_le_eabi_balanced.a(mbops.o)
 .rodata.libc.__SEGGER_RTL_c_locale_month_names
                0x0000000000003d03       0x57 C:/Program Files/SEGGER/SEGGER Embedded Studio for ARM 7.12/lib/libc_v7em_fpv4_sp_d16_hard_t_le_eabi_balanced.a(mbops.o)
 .rodata.libc.__SEGGER_RTL_c_locale_am_pm_indicator
                0x0000000000003d5a        0x7 C:/Program Files/SEGGER/SEGGER Embedded Studio for ARM 7.12/lib/libc_v7em_fpv4_sp_d16_hard_t_le_eabi_balanced.a(mbops.o)
 .rodata.libc.__SEGGER_RTL_c_locale_date_format
                0x0000000000003d61        0x9 C:/Program Files/SEGGER/SEGGER Embedded Studio for ARM 7.12/lib/libc_v7em_fpv4_sp_d16_hard_t_le_eabi_balanced.a(mbops.o)
 .rodata.libc.__SEGGER_RTL_c_locale_time_format
                0x0000000000003d6a        0x9 C:/Program Files/SEGGER/SEGGER Embedded Studio for ARM 7.12/lib/libc_v7em_fpv4_sp_d16_hard_t_le_eabi_balanced.a(mbops.o)
 .rodata.libc.__SEGGER_RTL_c_locale_date_time_format
                0x0000000000003d73        0xf C:/Program Files/SEGGER/SEGGER Embedded Studio for ARM 7.12/lib/libc_v7em_fpv4_sp_d16_hard_t_le_eabi_balanced.a(mbops.o)
 *fill*         0x0000000000003d82        0x2 
 .rodata.libc.__SEGGER_RTL_c_locale_data
                0x0000000000003d84       0x58 C:/Program Files/SEGGER/SEGGER Embedded Studio for ARM 7.12/lib/libc_v7em_fpv4_sp_d16_hard_t_le_eabi_balanced.a(mbops.o)
                0x0000000000003d84                __SEGGER_RTL_c_locale_data
 .rodata.libc.__SEGGER_RTL_ascii_ctype_map
                0x0000000000003ddc       0x80 C:/Program Files/SEGGER/SEGGER Embedded Studio for ARM 7.12/lib/libc_v7em_fpv4_sp_d16_hard_t_le_eabi_balanced.a(mbops.o)
 .rodata.libc.__SEGGER_RTL_ascii_ctype_mask
                0x0000000000003e5c        0xd C:/Program Files/SEGGER/SEGGER Embedded Studio for ARM 7.12/lib/libc_v7em_fpv4_sp_d16_hard_t_le_eabi_balanced.a(mbops.o)
 .rodata.libc.__SEGGER_RTL_hex_uc
                0x0000000000003e69       0x10 C:/Program Files/SEGGER/SEGGER Embedded Studio for ARM 7.12/lib/libc_v7em_fpv4_sp_d16_hard_t_le_eabi_balanced.a(prinops.o)
                0x0000000000003e69                __SEGGER_RTL_hex_uc
 .rodata.libc.__SEGGER_RTL_hex_lc
                0x0000000000003e79       0x10 C:/Program Files/SEGGER/SEGGER Embedded Studio for ARM 7.12/lib/libc_v7em_fpv4_sp_d16_hard_t_le_eabi_balanced.a(prinops.o)
                0x0000000000003e79                __SEGGER_RTL_hex_lc
 .rodata.libc..L.str
                0x0000000000003e89        0x7 C:/Program Files/SEGGER/SEGGER Embedded Studio for ARM 7.12/lib/libc_v7em_fpv4_sp_d16_hard_t_le_eabi_balanced.a(__SEGGER_RTL_vfprintf_long.o)
 .rodata.libc._DoInit.str1.4
                0x0000000000003e90        0x9 C:/Program Files/SEGGER/SEGGER Embedded Studio for ARM 7.12/lib/prinops_rtt_v7em_fpv4_sp_d16_hard_t_le_eabi_balanced.a(SEGGER_RTT.o)
 *fill*         0x0000000000003e99        0x3 
 .rodata.libc._aInitStr.0
                0x0000000000003e9c       0x11 C:/Program Files/SEGGER/SEGGER Embedded Studio for ARM 7.12/lib/prinops_rtt_v7em_fpv4_sp_d16_hard_t_le_eabi_balanced.a(SEGGER_RTT.o)
                0x0000000000003ead                __rodata_end__ = (__rodata_start__ + SIZEOF (.rodata))
                0x00000000000009d9                __rodata_size__ = SIZEOF (.rodata)
                0x0000000000003ead                __rodata_load_end__ = __rodata_end__

.rel.dyn        0x0000000000003eb0        0x0
 .rel.iplt      0x0000000000003eb0        0x0 Output/Debug/Obj/timer_pca10040/main.o
                0x0000000000000001                . = ASSERT (((__rodata_start__ == __rodata_end__) || ((__rodata_end__ - __FLASH1_segment_start__) <= __FLASH1_segment_size__)), error: .rodata is too large to fit in FLASH1 memory segment)
                0x0000000000003eb0                __ARM.exidx_load_start__ = ALIGN (__rodata_end__, 0x4)

.ARM.exidx      0x0000000000003eb0        0x0
                0x0000000000003eb0                __ARM.exidx_start__ = .
                0x0000000000003eb0                __exidx_start = __ARM.exidx_start__
 *(.ARM.exidx .ARM.exidx.*)
                0x0000000000003eb0                __ARM.exidx_end__ = (__ARM.exidx_start__ + SIZEOF (.ARM.exidx))
                0x0000000000000000                __ARM.exidx_size__ = SIZEOF (.ARM.exidx)
                0x0000000000003eb0                __exidx_end = __ARM.exidx_end__
                0x0000000000003eb0                __ARM.exidx_load_end__ = __ARM.exidx_end__
                0x0000000000000001                . = ASSERT (((__ARM.exidx_start__ == __ARM.exidx_end__) || ((__ARM.exidx_end__ - __FLASH1_segment_start__) <= __FLASH1_segment_size__)), error: .ARM.exidx is too large to fit in FLASH1 memory segment)
                0x0000000000003eb0                __fast_load_start__ = ALIGN (__ARM.exidx_end__, 0x4)

.fast           0x0000000020000000        0x0 load address 0x0000000000003eb0
                0x0000000020000000                __fast_start__ = .
 *(.fast .fast.*)
                0x0000000020000000                __fast_end__ = (__fast_start__ + SIZEOF (.fast))
                0x0000000000000000                __fast_size__ = SIZEOF (.fast)
                0x0000000000003eb0                __fast_load_end__ = (__fast_load_start__ + SIZEOF (.fast))
                0x0000000000000001                . = ASSERT (((__fast_load_start__ == __fast_load_end__) || ((__fast_load_end__ - __FLASH1_segment_start__) <= __FLASH1_segment_size__)), error: .fast is too large to fit in FLASH1 memory segment)

.fast_run       0x0000000020000000        0x0
                0x0000000020000000                __fast_run_start__ = .
                0x0000000020000000                __fast_run_end__ = (__fast_run_start__ + SIZEOF (.fast))
                0x0000000000000000                __fast_run_size__ = (__fast_run_end__ - __fast_run_start__)
                0x0000000020000000                __fast_run_load_end__ = __fast_run_end__
                0x0000000000000001                . = ASSERT (((__fast_run_start__ == __fast_run_end__) || ((__fast_run_end__ - __RAM1_segment_start__) <= __RAM1_segment_size__)), error: .fast_run is too large to fit in RAM1 memory segment)
                0x0000000000003eb0                __data_load_start__ = ALIGN ((__fast_load_start__ + SIZEOF (.fast)), 0x4)

.data           0x0000000020000000       0x30 load address 0x0000000000003eb0
                0x0000000020000000                __data_start__ = .
 *(.data .data.* .gnu.linkonce.d.*)
 .data.timer_0  0x0000000020000000        0x8 Output/Debug/Obj/timer_pca10040/main.o
 .data.SystemCoreClock
                0x0000000020000008        0x4 Output/Debug/Obj/timer_pca10040/system_nrf52.o
                0x0000000020000008                SystemCoreClock
 .data.m_buffer_mask
                0x000000002000000c        0x4 Output/Debug/Obj/timer_pca10040/nrf_log_frontend.o
 .data.libc.__SEGGER_RTL_global_locale
                0x0000000020000010       0x14 C:/Program Files/SEGGER/SEGGER Embedded Studio for ARM 7.12/lib/libc_v7em_fpv4_sp_d16_hard_t_le_eabi_balanced.a(mbops.o)
                0x0000000020000010                __SEGGER_RTL_global_locale
                0x0000000020000010                __RAL_global_locale
 .data.libc.stderr
                0x0000000020000024        0x4 C:/Program Files/SEGGER/SEGGER Embedded Studio for ARM 7.12/lib/prinops_rtt_v7em_fpv4_sp_d16_hard_t_le_eabi_balanced.a(prinops_rtt.o)
                0x0000000020000024                stderr
 .data.libc.stdout
                0x0000000020000028        0x4 C:/Program Files/SEGGER/SEGGER Embedded Studio for ARM 7.12/lib/prinops_rtt_v7em_fpv4_sp_d16_hard_t_le_eabi_balanced.a(prinops_rtt.o)
                0x0000000020000028                stdout
 .data.libc.stdin
                0x000000002000002c        0x4 C:/Program Files/SEGGER/SEGGER Embedded Studio for ARM 7.12/lib/prinops_rtt_v7em_fpv4_sp_d16_hard_t_le_eabi_balanced.a(prinops_rtt.o)
                0x000000002000002c                stdin
                0x0000000020000030                __data_end__ = (__data_start__ + SIZEOF (.data))
                0x0000000000000030                __data_size__ = SIZEOF (.data)
                0x0000000000003ee0                __data_load_end__ = (__data_load_start__ + SIZEOF (.data))

.igot.plt       0x0000000100000000        0x0
 .igot.plt      0x0000000100000000        0x0 Output/Debug/Obj/timer_pca10040/main.o
                0x0000000000000001                . = ASSERT (((__data_load_start__ == __data_load_end__) || ((__data_load_end__ - __FLASH1_segment_start__) <= __FLASH1_segment_size__)), error: .data is too large to fit in FLASH1 memory segment)

.data_run       0x0000000020000000        0x0
                0x0000000020000000                __data_run_start__ = .
                0x0000000020000030                __data_run_end__ = (__data_run_start__ + SIZEOF (.data))
                0x0000000000000030                __data_run_size__ = (__data_run_end__ - __data_run_start__)
                0x0000000020000030                __data_run_load_end__ = __data_run_end__
                0x0000000000000001                . = ASSERT (((__data_run_start__ == __data_run_end__) || ((__data_run_end__ - __RAM1_segment_start__) <= __RAM1_segment_size__)), error: .data_run is too large to fit in RAM1 memory segment)
                0x0000000000003ee0                __tdata_load_start__ = ALIGN ((__data_load_start__ + SIZEOF (.data)), 0x4)

.tdata          0x0000000020000030        0x0 load address 0x0000000000003ee0
                0x0000000020000030                __tdata_start__ = .
 *(.tdata .tdata.*)
                0x0000000020000030                __tdata_end__ = (__tdata_start__ + SIZEOF (.tdata))
                0x0000000000000000                __tdata_size__ = SIZEOF (.tdata)
                0x0000000000003ee0                __tdata_load_end__ = (__tdata_load_start__ + SIZEOF (.tdata))
                0x0000000000003ee0                __FLASH1_segment_used_end__ = (ALIGN ((__data_load_start__ + SIZEOF (.data)), 0x4) + SIZEOF (.tdata))
                0x0000000000003ee0                __FLASH1_segment_used_size__ = (__FLASH1_segment_used_end__ - __FLASH1_segment_start__)
                0x0000000000000001                . = ASSERT (((__tdata_load_start__ == __tdata_load_end__) || ((__tdata_load_end__ - __FLASH1_segment_start__) <= __FLASH1_segment_size__)), error: .tdata is too large to fit in FLASH1 memory segment)

.tdata_run      0x0000000020000030        0x0
                0x0000000020000030                __tdata_run_start__ = .
                0x0000000020000030                __tdata_run_end__ = (__tdata_run_start__ + SIZEOF (.tdata))
                0x0000000000000000                __tdata_run_size__ = (__tdata_run_end__ - __tdata_run_start__)
                0x0000000020000030                __tdata_run_load_end__ = __tdata_run_end__
                0x0000000000000001                . = ASSERT (((__tdata_run_start__ == __tdata_run_end__) || ((__tdata_run_end__ - __RAM1_segment_start__) <= __RAM1_segment_size__)), error: .tdata_run is too large to fit in RAM1 memory segment)
                0x0000000020000030                __bss_load_start__ = ALIGN (__tdata_run_end__, 0x4)

.bss            0x0000000020000030      0x9ec
                0x0000000020000030                __bss_start__ = .
 *(.bss .bss.* .gnu.linkonce.b.*)
 .bss.m_cb      0x0000000020000030        0xc Output/Debug/Obj/timer_pca10040/nrfx_timer.o
 .bss.m_error_data.0
                0x000000002000003c       0x20 Output/Debug/Obj/timer_pca10040/app_error.o
 .bss.m_in_critical_region
                0x000000002000005c        0x4 Output/Debug/Obj/timer_pca10040/app_util_platform.o
 .bss.log_mempool_nrf_balloc_pool_stack
                0x0000000020000060        0x8 Output/Debug/Obj/timer_pca10040/nrf_log_frontend.o
 .bss.log_mempool_nrf_balloc_pool_mem
                0x0000000020000068       0xc0 Output/Debug/Obj/timer_pca10040/nrf_log_frontend.o
 .bss.log_mempool_nrf_balloc_cb
                0x0000000020000128        0x8 Output/Debug/Obj/timer_pca10040/nrf_log_frontend.o
 .bss.m_log_data
                0x0000000020000130      0x420 Output/Debug/Obj/timer_pca10040/nrf_log_frontend.o
 .bss.libc.__SEGGER_RTL_locale_ptr
                0x0000000020000550        0x4 C:/Program Files/SEGGER/SEGGER Embedded Studio for ARM 7.12/lib/libc_v7em_fpv4_sp_d16_hard_t_le_eabi_balanced.a(mbops.o)
                0x0000000020000550                __SEGGER_RTL_locale_ptr
 .bss.libc.__SEGGER_RTL_stderr_file
                0x0000000020000554        0x4 C:/Program Files/SEGGER/SEGGER Embedded Studio for ARM 7.12/lib/prinops_rtt_v7em_fpv4_sp_d16_hard_t_le_eabi_balanced.a(prinops_rtt.o)
 .bss.libc.__SEGGER_RTL_stdout_file
                0x0000000020000558        0x4 C:/Program Files/SEGGER/SEGGER Embedded Studio for ARM 7.12/lib/prinops_rtt_v7em_fpv4_sp_d16_hard_t_le_eabi_balanced.a(prinops_rtt.o)
 .bss.libc.__SEGGER_RTL_stdin_file
                0x000000002000055c        0x4 C:/Program Files/SEGGER/SEGGER Embedded Studio for ARM 7.12/lib/prinops_rtt_v7em_fpv4_sp_d16_hard_t_le_eabi_balanced.a(prinops_rtt.o)
 .bss.libc._acDownBuffer
                0x0000000020000560       0x10 C:/Program Files/SEGGER/SEGGER Embedded Studio for ARM 7.12/lib/prinops_rtt_v7em_fpv4_sp_d16_hard_t_le_eabi_balanced.a(SEGGER_RTT.o)
 .bss.libc._acUpBuffer
                0x0000000020000570      0x400 C:/Program Files/SEGGER/SEGGER Embedded Studio for ARM 7.12/lib/prinops_rtt_v7em_fpv4_sp_d16_hard_t_le_eabi_balanced.a(SEGGER_RTT.o)
 .bss.libc._SEGGER_RTT
                0x0000000020000970       0xa8 C:/Program Files/SEGGER/SEGGER Embedded Studio for ARM 7.12/lib/prinops_rtt_v7em_fpv4_sp_d16_hard_t_le_eabi_balanced.a(SEGGER_RTT.o)
                0x0000000020000970                _SEGGER_RTT
 .bss.libc.__SEGGER_RTL_heap_globals
                0x0000000020000a18        0x4 C:/Program Files/SEGGER/SEGGER Embedded Studio for ARM 7.12/lib/heapops_basic_v7em_fpv4_sp_d16_hard_t_le_eabi_balanced.a(heapops_basic.o)
 *(COMMON)
                0x0000000020000a1c                __bss_end__ = (__bss_start__ + SIZEOF (.bss))
                0x00000000000009ec                __bss_size__ = SIZEOF (.bss)
                0x0000000020000a1c                __bss_load_end__ = __bss_end__
                0x0000000000000001                . = ASSERT (((__bss_start__ == __bss_end__) || ((__bss_end__ - __RAM1_segment_start__) <= __RAM1_segment_size__)), error: .bss is too large to fit in RAM1 memory segment)
                0x0000000020000a1c                __tbss_load_start__ = ALIGN (__bss_end__, 0x4)

.tbss           0x0000000020000a1c        0x0
                0x0000000020000a1c                __tbss_start__ = .
 *(.tbss .tbss.*)
                0x0000000020000a1c                __tbss_end__ = (__tbss_start__ + SIZEOF (.tbss))
                0x0000000000000000                __tbss_size__ = SIZEOF (.tbss)
                0x0000000020000a1c                __tbss_load_end__ = __tbss_end__
                0x0000000000000001                . = ASSERT (((__tbss_start__ == __tbss_end__) || ((__tbss_end__ - __RAM1_segment_start__) <= __RAM1_segment_size__)), error: .tbss is too large to fit in RAM1 memory segment)
                0x0000000020000a1c                __non_init_load_start__ = ALIGN (__tbss_end__, 0x4)

.non_init       0x0000000020000a1c        0x0
                0x0000000020000a1c                __non_init_start__ = .
 *(.non_init .non_init.*)
                0x0000000020000a1c                __non_init_end__ = (__non_init_start__ + SIZEOF (.non_init))
                0x0000000000000000                __non_init_size__ = SIZEOF (.non_init)
                0x0000000020000a1c                __non_init_load_end__ = __non_init_end__
                0x0000000000000001                . = ASSERT (((__non_init_start__ == __non_init_end__) || ((__non_init_end__ - __RAM1_segment_start__) <= __RAM1_segment_size__)), error: .non_init is too large to fit in RAM1 memory segment)
                0x0000000020000a1c                __heap_load_start__ = ALIGN (__non_init_end__, 0x4)

.heap           0x0000000020000a1c     0x2000
                0x0000000020000a1c                __heap_start__ = .
 *(.heap .heap.*)
                0x0000000020002a1c                . = ALIGN (MAX ((__heap_start__ + __HEAPSIZE__), .), 0x4)
 *fill*         0x0000000020000a1c     0x2000 
                0x0000000020002a1c                __heap_end__ = (__heap_start__ + SIZEOF (.heap))
                0x0000000000002000                __heap_size__ = SIZEOF (.heap)
                0x0000000020002a1c                __heap_load_end__ = __heap_end__
                0x0000000000000001                . = ASSERT (((__heap_start__ == __heap_end__) || ((__heap_end__ - __RAM1_segment_start__) <= __RAM1_segment_size__)), error: .heap is too large to fit in RAM1 memory segment)
                0x0000000000000001                . = ASSERT ((__HEAPSIZE__ == ALIGN (__HEAPSIZE__, 0x4)), error: .heap section size does not match alignment)
                0x0000000000000001                . = ASSERT ((__heap_size__ <= __HEAPSIZE__), error: .heap section is larger than specified size)
                0x000000002000e000                __stack_load_start__ = (__RAM1_segment_start__ + (__RAM1_segment_size__ - 0x2000))

.stack          0x000000002000e000     0x2000
                0x000000002000e000                __stack_start__ = .
                0x000000002000e000                __StackLimit = __stack_start__
 *(.stack .stack.*)
                0x0000000020010000                . = ALIGN (MAX ((__stack_start__ + __STACKSIZE__), .), 0x8)
 *fill*         0x000000002000e000     0x2000 
                0x0000000020010000                __stack_end__ = (__stack_start__ + SIZEOF (.stack))
                0x0000000000002000                __stack_size__ = SIZEOF (.stack)
                0x0000000020010000                __StackTop = __stack_end__
                0x0000000020010000                __stack_load_end__ = __stack_end__
                0x0000000000000001                . = ASSERT (((__stack_start__ == __stack_end__) || ((__stack_end__ - __RAM1_segment_start__) <= __RAM1_segment_size__)), error: .stack is too large to fit in RAM1 memory segment)
                0x0000000000000001                . = ASSERT ((__heap_end__ <= __stack_start__), error: section .heap overlaps absolute placed section .stack)
                0x0000000000000001                . = ASSERT ((__STACKSIZE__ == ALIGN (__STACKSIZE__, 0x8)), error: .stack section size does not match alignment)
                0x0000000000000001                . = ASSERT ((__stack_size__ <= __STACKSIZE__), error: .stack section is larger than specified size)
                0x0000000020010000                __stack_process_load_start__ = ALIGN (__stack_end__, 0x8)

.stack_process  0x0000000020010000        0x0
                0x0000000020010000                __stack_process_start__ = .
 *(.stack_process .stack_process.*)
                0x0000000020010000                . = ALIGN (MAX ((__stack_process_start__ + __STACKSIZE_PROCESS__), .), 0x8)
                0x0000000020010000                __stack_process_end__ = (__stack_process_start__ + SIZEOF (.stack_process))
                0x0000000000000000                __stack_process_size__ = SIZEOF (.stack_process)
                0x0000000020010000                __stack_process_load_end__ = __stack_process_end__
                0x0000000020010000                __RAM1_segment_used_end__ = (ALIGN (__stack_end__, 0x8) + SIZEOF (.stack_process))
                0x0000000000010000                __RAM1_segment_used_size__ = (__RAM1_segment_used_end__ - __RAM1_segment_start__)
                0x0000000000000001                . = ASSERT (((__stack_process_start__ == __stack_process_end__) || ((__stack_process_end__ - __RAM1_segment_start__) <= __RAM1_segment_size__)), error: .stack_process is too large to fit in RAM1 memory segment)
                0x0000000000000001                . = ASSERT ((__STACKSIZE_PROCESS__ == ALIGN (__STACKSIZE_PROCESS__, 0x8)), error: .stack_process section size does not match alignment)
                0x0000000000000001                . = ASSERT ((__stack_process_size__ <= __STACKSIZE_PROCESS__), error: .stack_process section is larger than specified size)
START GROUP
LOAD Output/Debug/Obj/timer_pca10040/main.o
LOAD Output/Debug/Obj/timer_pca10040/boards.o
LOAD Output/Debug/Obj/timer_pca10040/ses_startup_nrf52.o
LOAD Output/Debug/Obj/timer_pca10040/ses_startup_nrf_common.o
LOAD Output/Debug/Obj/timer_pca10040/system_nrf52.o
LOAD Output/Debug/Obj/timer_pca10040/thumb_crt0.o
LOAD Output/Debug/Obj/timer_pca10040/nrfx_atomic.o
LOAD Output/Debug/Obj/timer_pca10040/nrfx_timer.o
LOAD Output/Debug/Obj/timer_pca10040/app_error.o
LOAD Output/Debug/Obj/timer_pca10040/app_error_handler_gcc.o
LOAD Output/Debug/Obj/timer_pca10040/app_error_weak.o
LOAD Output/Debug/Obj/timer_pca10040/app_util_platform.o
LOAD Output/Debug/Obj/timer_pca10040/nrf_assert.o
LOAD Output/Debug/Obj/timer_pca10040/nrf_atomic.o
LOAD Output/Debug/Obj/timer_pca10040/nrf_balloc.o
LOAD Output/Debug/Obj/timer_pca10040/nrf_fprintf.o
LOAD Output/Debug/Obj/timer_pca10040/nrf_fprintf_format.o
LOAD Output/Debug/Obj/timer_pca10040/nrf_memobj.o
LOAD Output/Debug/Obj/timer_pca10040/nrf_ringbuf.o
LOAD Output/Debug/Obj/timer_pca10040/nrf_strerror.o
LOAD Output/Debug/Obj/timer_pca10040/nrf_log_frontend.o
LOAD Output/Debug/Obj/timer_pca10040/nrf_log_str_formatter.o
LOAD C:/Program Files/SEGGER/SEGGER Embedded Studio for ARM 7.12/lib/libc_v7em_fpv4_sp_d16_hard_t_le_eabi_balanced.a
LOAD C:/Program Files/SEGGER/SEGGER Embedded Studio for ARM 7.12/lib/prinops_rtt_v7em_fpv4_sp_d16_hard_t_le_eabi_balanced.a
LOAD C:/Program Files/SEGGER/SEGGER Embedded Studio for ARM 7.12/lib/heapops_basic_v7em_fpv4_sp_d16_hard_t_le_eabi_balanced.a
LOAD C:/Program Files/SEGGER/SEGGER Embedded Studio for ARM 7.12/lib/heapops_disable_interrupts_locking_v7em_fpv4_sp_d16_hard_t_le_eabi_balanced.a
END GROUP
OUTPUT(C:/nrf_sdk/examples/Yeni/Timer_Counter/pca10040/blank/ses/Output/Debug/Exe/timer_pca10040.elf elf32-littlearm)
LOAD linker stubs

.debug_frame    0x0000000000000000     0x3760
 .debug_frame   0x0000000000000000       0xa0 Output/Debug/Obj/timer_pca10040/main.o
 .debug_frame   0x00000000000000a0      0x460 Output/Debug/Obj/timer_pca10040/boards.o
 .debug_frame   0x0000000000000500     0x1f40 Output/Debug/Obj/timer_pca10040/system_nrf52.o
 .debug_frame   0x0000000000002440      0x5b0 Output/Debug/Obj/timer_pca10040/nrfx_timer.o
 .debug_frame   0x00000000000029f0       0x58 Output/Debug/Obj/timer_pca10040/app_error.o
 .debug_frame   0x0000000000002a48       0x20 Output/Debug/Obj/timer_pca10040/app_error_handler_gcc.o
 .debug_frame   0x0000000000002a68       0x3c Output/Debug/Obj/timer_pca10040/app_error_weak.o
 .debug_frame   0x0000000000002aa4       0xe8 Output/Debug/Obj/timer_pca10040/app_util_platform.o
 .debug_frame   0x0000000000002b8c       0x38 Output/Debug/Obj/timer_pca10040/nrf_assert.o
 .debug_frame   0x0000000000002bc4      0x3b0 Output/Debug/Obj/timer_pca10040/nrf_atomic.o
 .debug_frame   0x0000000000002f74       0xdc Output/Debug/Obj/timer_pca10040/nrf_balloc.o
 .debug_frame   0x0000000000003050      0x150 Output/Debug/Obj/timer_pca10040/nrf_memobj.o
 .debug_frame   0x00000000000031a0       0x58 Output/Debug/Obj/timer_pca10040/nrf_strerror.o
 .debug_frame   0x00000000000031f8      0x568 Output/Debug/Obj/timer_pca10040/nrf_log_frontend.o

.debug_info     0x0000000000000000     0xa6a3
 .debug_info    0x0000000000000000      0x702 Output/Debug/Obj/timer_pca10040/main.o
 .debug_info    0x0000000000000702      0x925 Output/Debug/Obj/timer_pca10040/boards.o
 .debug_info    0x0000000000001027       0x23 Output/Debug/Obj/timer_pca10040/ses_startup_nrf52.o
 .debug_info    0x000000000000104a       0x23 Output/Debug/Obj/timer_pca10040/ses_startup_nrf_common.o
 .debug_info    0x000000000000106d     0x432f Output/Debug/Obj/timer_pca10040/system_nrf52.o
 .debug_info    0x000000000000539c       0x22 Output/Debug/Obj/timer_pca10040/thumb_crt0.o
 .debug_info    0x00000000000053be     0x147d Output/Debug/Obj/timer_pca10040/nrfx_timer.o
 .debug_info    0x000000000000683b      0x280 Output/Debug/Obj/timer_pca10040/app_error.o
 .debug_info    0x0000000000006abb       0xf8 Output/Debug/Obj/timer_pca10040/app_error_handler_gcc.o
 .debug_info    0x0000000000006bb3      0x3a1 Output/Debug/Obj/timer_pca10040/app_error_weak.o
 .debug_info    0x0000000000006f54      0x744 Output/Debug/Obj/timer_pca10040/app_util_platform.o
 .debug_info    0x0000000000007698      0x12b Output/Debug/Obj/timer_pca10040/nrf_assert.o
 .debug_info    0x00000000000077c3      0x86a Output/Debug/Obj/timer_pca10040/nrf_atomic.o
 .debug_info    0x000000000000802d      0x311 Output/Debug/Obj/timer_pca10040/nrf_balloc.o
 .debug_info    0x000000000000833e      0x759 Output/Debug/Obj/timer_pca10040/nrf_memobj.o
 .debug_info    0x0000000000008a97      0x1ba Output/Debug/Obj/timer_pca10040/nrf_strerror.o
 .debug_info    0x0000000000008c51     0x1a52 Output/Debug/Obj/timer_pca10040/nrf_log_frontend.o

.debug_abbrev   0x0000000000000000     0x1b3d
 .debug_abbrev  0x0000000000000000      0x1f7 Output/Debug/Obj/timer_pca10040/main.o
 .debug_abbrev  0x00000000000001f7      0x269 Output/Debug/Obj/timer_pca10040/boards.o
 .debug_abbrev  0x0000000000000460       0x14 Output/Debug/Obj/timer_pca10040/ses_startup_nrf52.o
 .debug_abbrev  0x0000000000000474       0x14 Output/Debug/Obj/timer_pca10040/ses_startup_nrf_common.o
 .debug_abbrev  0x0000000000000488      0x27f Output/Debug/Obj/timer_pca10040/system_nrf52.o
 .debug_abbrev  0x0000000000000707       0x12 Output/Debug/Obj/timer_pca10040/thumb_crt0.o
 .debug_abbrev  0x0000000000000719      0x302 Output/Debug/Obj/timer_pca10040/nrfx_timer.o
 .debug_abbrev  0x0000000000000a1b      0x130 Output/Debug/Obj/timer_pca10040/app_error.o
 .debug_abbrev  0x0000000000000b4b       0x96 Output/Debug/Obj/timer_pca10040/app_error_handler_gcc.o
 .debug_abbrev  0x0000000000000be1      0x1d3 Output/Debug/Obj/timer_pca10040/app_error_weak.o
 .debug_abbrev  0x0000000000000db4      0x275 Output/Debug/Obj/timer_pca10040/app_util_platform.o
 .debug_abbrev  0x0000000000001029       0xc7 Output/Debug/Obj/timer_pca10040/nrf_assert.o
 .debug_abbrev  0x00000000000010f0      0x121 Output/Debug/Obj/timer_pca10040/nrf_atomic.o
 .debug_abbrev  0x0000000000001211      0x19f Output/Debug/Obj/timer_pca10040/nrf_balloc.o
 .debug_abbrev  0x00000000000013b0      0x1df Output/Debug/Obj/timer_pca10040/nrf_memobj.o
 .debug_abbrev  0x000000000000158f       0xe6 Output/Debug/Obj/timer_pca10040/nrf_strerror.o
 .debug_abbrev  0x0000000000001675      0x4c8 Output/Debug/Obj/timer_pca10040/nrf_log_frontend.o

.debug_pubnames
                0x0000000000000000     0x4030
 .debug_pubnames
                0x0000000000000000      0x21b Output/Debug/Obj/timer_pca10040/main.o
 .debug_pubnames
                0x000000000000021b      0x4f4 Output/Debug/Obj/timer_pca10040/boards.o
 .debug_pubnames
                0x000000000000070f     0x1ed5 Output/Debug/Obj/timer_pca10040/system_nrf52.o
 .debug_pubnames
                0x00000000000025e4      0x845 Output/Debug/Obj/timer_pca10040/nrfx_timer.o
 .debug_pubnames
                0x0000000000002e29       0x88 Output/Debug/Obj/timer_pca10040/app_error.o
 .debug_pubnames
                0x0000000000002eb1       0x44 Output/Debug/Obj/timer_pca10040/app_error_handler_gcc.o
 .debug_pubnames
                0x0000000000002ef5      0x1b1 Output/Debug/Obj/timer_pca10040/app_error_weak.o
 .debug_pubnames
                0x00000000000030a6      0x23b Output/Debug/Obj/timer_pca10040/app_util_platform.o
 .debug_pubnames
                0x00000000000032e1       0x46 Output/Debug/Obj/timer_pca10040/nrf_assert.o
 .debug_pubnames
                0x0000000000003327      0x233 Output/Debug/Obj/timer_pca10040/nrf_atomic.o
 .debug_pubnames
                0x000000000000355a      0x183 Output/Debug/Obj/timer_pca10040/nrf_balloc.o
 .debug_pubnames
                0x00000000000036dd      0x13f Output/Debug/Obj/timer_pca10040/nrf_memobj.o
 .debug_pubnames
                0x000000000000381c       0x66 Output/Debug/Obj/timer_pca10040/nrf_strerror.o
 .debug_pubnames
                0x0000000000003882      0x7ae Output/Debug/Obj/timer_pca10040/nrf_log_frontend.o

.debug_pubtypes
                0x0000000000000000     0x153b
 .debug_pubtypes
                0x0000000000000000      0x1fd Output/Debug/Obj/timer_pca10040/main.o
 .debug_pubtypes
                0x00000000000001fd      0x171 Output/Debug/Obj/timer_pca10040/boards.o
 .debug_pubtypes
                0x000000000000036e      0x1c7 Output/Debug/Obj/timer_pca10040/system_nrf52.o
 .debug_pubtypes
                0x0000000000000535      0x2c7 Output/Debug/Obj/timer_pca10040/nrfx_timer.o
 .debug_pubtypes
                0x00000000000007fc      0x10a Output/Debug/Obj/timer_pca10040/app_error.o
 .debug_pubtypes
                0x0000000000000906       0xdd Output/Debug/Obj/timer_pca10040/app_error_handler_gcc.o
 .debug_pubtypes
                0x00000000000009e3      0x154 Output/Debug/Obj/timer_pca10040/app_error_weak.o
 .debug_pubtypes
                0x0000000000000b37      0x110 Output/Debug/Obj/timer_pca10040/app_util_platform.o
 .debug_pubtypes
                0x0000000000000c47       0xed Output/Debug/Obj/timer_pca10040/nrf_assert.o
 .debug_pubtypes
                0x0000000000000d34       0xea Output/Debug/Obj/timer_pca10040/nrf_atomic.o
 .debug_pubtypes
                0x0000000000000e1e      0x11a Output/Debug/Obj/timer_pca10040/nrf_balloc.o
 .debug_pubtypes
                0x0000000000000f38      0x1e3 Output/Debug/Obj/timer_pca10040/nrf_memobj.o
 .debug_pubtypes
                0x000000000000111b       0xdc Output/Debug/Obj/timer_pca10040/nrf_strerror.o
 .debug_pubtypes
                0x00000000000011f7      0x344 Output/Debug/Obj/timer_pca10040/nrf_log_frontend.o

.debug_aranges  0x0000000000000000     0x12e8
 .debug_aranges
                0x0000000000000000       0x38 Output/Debug/Obj/timer_pca10040/main.o
 .debug_aranges
                0x0000000000000038      0x100 Output/Debug/Obj/timer_pca10040/boards.o
 .debug_aranges
                0x0000000000000138       0x20 Output/Debug/Obj/timer_pca10040/ses_startup_nrf52.o
 .debug_aranges
                0x0000000000000158       0x20 Output/Debug/Obj/timer_pca10040/ses_startup_nrf_common.o
 .debug_aranges
                0x0000000000000178      0xc30 Output/Debug/Obj/timer_pca10040/system_nrf52.o
 .debug_aranges
                0x0000000000000da8       0x50 Output/Debug/Obj/timer_pca10040/thumb_crt0.o
 .debug_aranges
                0x0000000000000df8      0x158 Output/Debug/Obj/timer_pca10040/nrfx_timer.o
 .debug_aranges
                0x0000000000000f50       0x28 Output/Debug/Obj/timer_pca10040/app_error.o
 .debug_aranges
                0x0000000000000f78       0x20 Output/Debug/Obj/timer_pca10040/app_error_handler_gcc.o
 .debug_aranges
                0x0000000000000f98       0x20 Output/Debug/Obj/timer_pca10040/app_error_weak.o
 .debug_aranges
                0x0000000000000fb8       0x50 Output/Debug/Obj/timer_pca10040/app_util_platform.o
 .debug_aranges
                0x0000000000001008       0x20 Output/Debug/Obj/timer_pca10040/nrf_assert.o
 .debug_aranges
                0x0000000000001028       0xb8 Output/Debug/Obj/timer_pca10040/nrf_atomic.o
 .debug_aranges
                0x00000000000010e0       0x40 Output/Debug/Obj/timer_pca10040/nrf_balloc.o
 .debug_aranges
                0x0000000000001120       0x58 Output/Debug/Obj/timer_pca10040/nrf_memobj.o
 .debug_aranges
                0x0000000000001178       0x28 Output/Debug/Obj/timer_pca10040/nrf_strerror.o
 .debug_aranges
                0x00000000000011a0      0x148 Output/Debug/Obj/timer_pca10040/nrf_log_frontend.o

.debug_ranges   0x0000000000000000     0x11c0
 .debug_ranges  0x0000000000000000       0x28 Output/Debug/Obj/timer_pca10040/main.o
 .debug_ranges  0x0000000000000028       0xf0 Output/Debug/Obj/timer_pca10040/boards.o
 .debug_ranges  0x0000000000000118      0xc20 Output/Debug/Obj/timer_pca10040/system_nrf52.o
 .debug_ranges  0x0000000000000d38       0x48 Output/Debug/Obj/timer_pca10040/thumb_crt0.o
 .debug_ranges  0x0000000000000d80      0x148 Output/Debug/Obj/timer_pca10040/nrfx_timer.o
 .debug_ranges  0x0000000000000ec8       0x18 Output/Debug/Obj/timer_pca10040/app_error.o
 .debug_ranges  0x0000000000000ee0       0x10 Output/Debug/Obj/timer_pca10040/app_error_handler_gcc.o
 .debug_ranges  0x0000000000000ef0       0x10 Output/Debug/Obj/timer_pca10040/app_error_weak.o
 .debug_ranges  0x0000000000000f00       0x40 Output/Debug/Obj/timer_pca10040/app_util_platform.o
 .debug_ranges  0x0000000000000f40       0x10 Output/Debug/Obj/timer_pca10040/nrf_assert.o
 .debug_ranges  0x0000000000000f50       0xa8 Output/Debug/Obj/timer_pca10040/nrf_atomic.o
 .debug_ranges  0x0000000000000ff8       0x30 Output/Debug/Obj/timer_pca10040/nrf_balloc.o
 .debug_ranges  0x0000000000001028       0x48 Output/Debug/Obj/timer_pca10040/nrf_memobj.o
 .debug_ranges  0x0000000000001070       0x18 Output/Debug/Obj/timer_pca10040/nrf_strerror.o
 .debug_ranges  0x0000000000001088      0x138 Output/Debug/Obj/timer_pca10040/nrf_log_frontend.o

.debug_macro    0x0000000000000000    0x162e8
 .debug_macro   0x0000000000000000      0x28a Output/Debug/Obj/timer_pca10040/main.o
 .debug_macro   0x000000000000028a      0xb62 Output/Debug/Obj/timer_pca10040/main.o
 .debug_macro   0x0000000000000dec       0x22 Output/Debug/Obj/timer_pca10040/main.o
 .debug_macro   0x0000000000000e0e       0x10 Output/Debug/Obj/timer_pca10040/main.o
 .debug_macro   0x0000000000000e1e      0x26b Output/Debug/Obj/timer_pca10040/main.o
 .debug_macro   0x0000000000001089      0x295 Output/Debug/Obj/timer_pca10040/main.o
 .debug_macro   0x000000000000131e       0x1c Output/Debug/Obj/timer_pca10040/main.o
 .debug_macro   0x000000000000133a      0x17b Output/Debug/Obj/timer_pca10040/main.o
 .debug_macro   0x00000000000014b5       0x22 Output/Debug/Obj/timer_pca10040/main.o
 .debug_macro   0x00000000000014d7       0x3b Output/Debug/Obj/timer_pca10040/main.o
 .debug_macro   0x0000000000001512       0x1c Output/Debug/Obj/timer_pca10040/main.o
 .debug_macro   0x000000000000152e       0x22 Output/Debug/Obj/timer_pca10040/main.o
 .debug_macro   0x0000000000001550       0xfb Output/Debug/Obj/timer_pca10040/main.o
 .debug_macro   0x000000000000164b     0x1011 Output/Debug/Obj/timer_pca10040/main.o
 .debug_macro   0x000000000000265c      0x11f Output/Debug/Obj/timer_pca10040/main.o
 .debug_macro   0x000000000000277b      0x3a0 Output/Debug/Obj/timer_pca10040/main.o
 .debug_macro   0x0000000000002b1b     0xccef Output/Debug/Obj/timer_pca10040/main.o
 .debug_macro   0x000000000000f80a     0x1325 Output/Debug/Obj/timer_pca10040/main.o
 .debug_macro   0x0000000000010b2f       0x82 Output/Debug/Obj/timer_pca10040/main.o
 .debug_macro   0x0000000000010bb1       0x40 Output/Debug/Obj/timer_pca10040/main.o
 .debug_macro   0x0000000000010bf1      0x755 Output/Debug/Obj/timer_pca10040/main.o
 .debug_macro   0x0000000000011346       0x22 Output/Debug/Obj/timer_pca10040/main.o
 .debug_macro   0x0000000000011368      0x3dc Output/Debug/Obj/timer_pca10040/main.o
 .debug_macro   0x0000000000011744       0x59 Output/Debug/Obj/timer_pca10040/main.o
 .debug_macro   0x000000000001179d       0xe3 Output/Debug/Obj/timer_pca10040/main.o
 .debug_macro   0x0000000000011880      0x131 Output/Debug/Obj/timer_pca10040/main.o
 .debug_macro   0x00000000000119b1       0x16 Output/Debug/Obj/timer_pca10040/main.o
 .debug_macro   0x00000000000119c7      0x16d Output/Debug/Obj/timer_pca10040/main.o
 .debug_macro   0x0000000000011b34      0x7ca Output/Debug/Obj/timer_pca10040/main.o
 .debug_macro   0x00000000000122fe       0x3f Output/Debug/Obj/timer_pca10040/main.o
 .debug_macro   0x000000000001233d       0x58 Output/Debug/Obj/timer_pca10040/main.o
 .debug_macro   0x0000000000012395       0x8e Output/Debug/Obj/timer_pca10040/main.o
 .debug_macro   0x0000000000012423       0xad Output/Debug/Obj/timer_pca10040/main.o
 .debug_macro   0x00000000000124d0       0x49 Output/Debug/Obj/timer_pca10040/main.o
 .debug_macro   0x0000000000012519       0x8c Output/Debug/Obj/timer_pca10040/main.o
 .debug_macro   0x00000000000125a5       0x19 Output/Debug/Obj/timer_pca10040/main.o
 .debug_macro   0x00000000000125be       0x1d Output/Debug/Obj/timer_pca10040/main.o
 .debug_macro   0x00000000000125db       0x35 Output/Debug/Obj/timer_pca10040/main.o
 .debug_macro   0x0000000000012610       0x7b Output/Debug/Obj/timer_pca10040/main.o
 .debug_macro   0x000000000001268b       0x64 Output/Debug/Obj/timer_pca10040/main.o
 .debug_macro   0x00000000000126ef       0x20 Output/Debug/Obj/timer_pca10040/main.o
 .debug_macro   0x000000000001270f       0x22 Output/Debug/Obj/timer_pca10040/main.o
 .debug_macro   0x0000000000012731       0x10 Output/Debug/Obj/timer_pca10040/main.o
 .debug_macro   0x0000000000012741       0x94 Output/Debug/Obj/timer_pca10040/main.o
 .debug_macro   0x00000000000127d5       0x22 Output/Debug/Obj/timer_pca10040/main.o
 .debug_macro   0x00000000000127f7      0x25a Output/Debug/Obj/timer_pca10040/main.o
 .debug_macro   0x0000000000012a51      0x16d Output/Debug/Obj/timer_pca10040/main.o
 .debug_macro   0x0000000000012bbe       0x10 Output/Debug/Obj/timer_pca10040/main.o
 .debug_macro   0x0000000000012bce      0x24c Output/Debug/Obj/timer_pca10040/boards.o
 .debug_macro   0x0000000000012e1a       0x1c Output/Debug/Obj/timer_pca10040/boards.o
 .debug_macro   0x0000000000012e36      0x13e Output/Debug/Obj/timer_pca10040/system_nrf52.o
 .debug_macro   0x0000000000012f74      0x44e Output/Debug/Obj/timer_pca10040/system_nrf52.o
 .debug_macro   0x00000000000133c2      0xa28 Output/Debug/Obj/timer_pca10040/system_nrf52.o
 .debug_macro   0x0000000000013dea      0x520 Output/Debug/Obj/timer_pca10040/system_nrf52.o
 .debug_macro   0x000000000001430a      0x164 Output/Debug/Obj/timer_pca10040/system_nrf52.o
 .debug_macro   0x000000000001446e      0x2e0 Output/Debug/Obj/timer_pca10040/nrfx_timer.o
 .debug_macro   0x000000000001474e       0x1c Output/Debug/Obj/timer_pca10040/nrfx_timer.o
 .debug_macro   0x000000000001476a       0x22 Output/Debug/Obj/timer_pca10040/nrfx_timer.o
 .debug_macro   0x000000000001478c       0x5b Output/Debug/Obj/timer_pca10040/nrfx_timer.o
 .debug_macro   0x00000000000147e7       0x37 Output/Debug/Obj/timer_pca10040/nrfx_timer.o
 .debug_macro   0x000000000001481e       0x10 Output/Debug/Obj/timer_pca10040/nrfx_timer.o
 .debug_macro   0x000000000001482e       0x55 Output/Debug/Obj/timer_pca10040/nrfx_timer.o
 .debug_macro   0x0000000000014883      0x17f Output/Debug/Obj/timer_pca10040/nrfx_timer.o
 .debug_macro   0x0000000000014a02       0x9a Output/Debug/Obj/timer_pca10040/nrfx_timer.o
 .debug_macro   0x0000000000014a9c       0x42 Output/Debug/Obj/timer_pca10040/nrfx_timer.o
 .debug_macro   0x0000000000014ade      0x12a Output/Debug/Obj/timer_pca10040/app_error.o
 .debug_macro   0x0000000000014c08       0x64 Output/Debug/Obj/timer_pca10040/app_error.o
 .debug_macro   0x0000000000014c6c      0x183 Output/Debug/Obj/timer_pca10040/app_error_handler_gcc.o
 .debug_macro   0x0000000000014def       0x16 Output/Debug/Obj/timer_pca10040/app_error_handler_gcc.o
 .debug_macro   0x0000000000014e05       0x5c Output/Debug/Obj/timer_pca10040/app_error_handler_gcc.o
 .debug_macro   0x0000000000014e61       0x16 Output/Debug/Obj/timer_pca10040/app_error_handler_gcc.o
 .debug_macro   0x0000000000014e77       0xe3 Output/Debug/Obj/timer_pca10040/app_error_handler_gcc.o
 .debug_macro   0x0000000000014f5a       0x55 Output/Debug/Obj/timer_pca10040/app_error_handler_gcc.o
 .debug_macro   0x0000000000014faf      0x25a Output/Debug/Obj/timer_pca10040/app_error_weak.o
 .debug_macro   0x0000000000015209       0x31 Output/Debug/Obj/timer_pca10040/app_error_weak.o
 .debug_macro   0x000000000001523a       0x16 Output/Debug/Obj/timer_pca10040/app_error_weak.o
 .debug_macro   0x0000000000015250      0x185 Output/Debug/Obj/timer_pca10040/app_error_weak.o
 .debug_macro   0x00000000000153d5       0x2e Output/Debug/Obj/timer_pca10040/app_error_weak.o
 .debug_macro   0x0000000000015403       0x22 Output/Debug/Obj/timer_pca10040/app_error_weak.o
 .debug_macro   0x0000000000015425       0x98 Output/Debug/Obj/timer_pca10040/app_error_weak.o
 .debug_macro   0x00000000000154bd       0x10 Output/Debug/Obj/timer_pca10040/app_error_weak.o
 .debug_macro   0x00000000000154cd       0x1d Output/Debug/Obj/timer_pca10040/app_error_weak.o
 .debug_macro   0x00000000000154ea       0x1c Output/Debug/Obj/timer_pca10040/app_error_weak.o
 .debug_macro   0x0000000000015506      0x146 Output/Debug/Obj/timer_pca10040/app_util_platform.o
 .debug_macro   0x000000000001564c      0x139 Output/Debug/Obj/timer_pca10040/nrf_assert.o
 .debug_macro   0x0000000000015785       0x10 Output/Debug/Obj/timer_pca10040/nrf_assert.o
 .debug_macro   0x0000000000015795      0x180 Output/Debug/Obj/timer_pca10040/nrf_atomic.o
 .debug_macro   0x0000000000015915       0x42 Output/Debug/Obj/timer_pca10040/nrf_atomic.o
 .debug_macro   0x0000000000015957      0x22e Output/Debug/Obj/timer_pca10040/nrf_balloc.o
 .debug_macro   0x0000000000015b85      0x1f6 Output/Debug/Obj/timer_pca10040/nrf_memobj.o
 .debug_macro   0x0000000000015d7b       0x3a Output/Debug/Obj/timer_pca10040/nrf_memobj.o
 .debug_macro   0x0000000000015db5       0x52 Output/Debug/Obj/timer_pca10040/nrf_memobj.o
 .debug_macro   0x0000000000015e07       0x10 Output/Debug/Obj/timer_pca10040/nrf_memobj.o
 .debug_macro   0x0000000000015e17      0x175 Output/Debug/Obj/timer_pca10040/nrf_strerror.o
 .debug_macro   0x0000000000015f8c      0x2be Output/Debug/Obj/timer_pca10040/nrf_log_frontend.o
 .debug_macro   0x000000000001624a       0x9e Output/Debug/Obj/timer_pca10040/nrf_log_frontend.o

.debug_line     0x0000000000000000     0x9af9
 .debug_line    0x0000000000000000      0x698 Output/Debug/Obj/timer_pca10040/main.o
 .debug_line    0x0000000000000698      0x98f Output/Debug/Obj/timer_pca10040/boards.o
 .debug_line    0x0000000000001027       0x6e Output/Debug/Obj/timer_pca10040/ses_startup_nrf52.o
 .debug_line    0x0000000000001095       0x90 Output/Debug/Obj/timer_pca10040/ses_startup_nrf_common.o
 .debug_line    0x0000000000001125     0x4104 Output/Debug/Obj/timer_pca10040/system_nrf52.o
 .debug_line    0x0000000000005229      0x17d Output/Debug/Obj/timer_pca10040/thumb_crt0.o
 .debug_line    0x00000000000053a6      0xda1 Output/Debug/Obj/timer_pca10040/nrfx_timer.o
 .debug_line    0x0000000000006147      0x364 Output/Debug/Obj/timer_pca10040/app_error.o
 .debug_line    0x00000000000064ab      0x35e Output/Debug/Obj/timer_pca10040/app_error_handler_gcc.o
 .debug_line    0x0000000000006809      0x5dc Output/Debug/Obj/timer_pca10040/app_error_weak.o